Component: ARM Compiler 5.06 update 4 (build 422) Tool: armlink [4d35d2]

==============================================================================

Section Cross References

    startup_stm32f10x_xl.o(RESET) refers to startup_stm32f10x_xl.o(STACK) for __initial_sp
    startup_stm32f10x_xl.o(RESET) refers to startup_stm32f10x_xl.o(.text) for Reset_Handler
    startup_stm32f10x_xl.o(RESET) refers to stm32f10x_it.o(i.NMI_Handler) for NMI_Handler
    startup_stm32f10x_xl.o(RESET) refers to stm32f10x_it.o(i.HardFault_Handler) for HardFault_Handler
    startup_stm32f10x_xl.o(RESET) refers to stm32f10x_it.o(i.MemManage_Handler) for MemManage_Handler
    startup_stm32f10x_xl.o(RESET) refers to stm32f10x_it.o(i.BusFault_Handler) for BusFault_Handler
    startup_stm32f10x_xl.o(RESET) refers to stm32f10x_it.o(i.UsageFault_Handler) for UsageFault_Handler
    startup_stm32f10x_xl.o(RESET) refers to stm32f10x_it.o(i.SVC_Handler) for SVC_Handler
    startup_stm32f10x_xl.o(RESET) refers to stm32f10x_it.o(i.DebugMon_Handler) for DebugMon_Handler
    startup_stm32f10x_xl.o(RESET) refers to os_cpu_a.o(CODE) for OS_CPU_PendSVHandler
    startup_stm32f10x_xl.o(RESET) refers to os_cpu_c.o(i.OS_CPU_SysTickHandler) for OS_CPU_SysTickHandler
    startup_stm32f10x_xl.o(RESET) refers to stm32f10x_it.o(i.EXTI0_IRQHandler) for EXTI0_IRQHandler
    startup_stm32f10x_xl.o(RESET) refers to stm32f10x_it.o(i.EXTI1_IRQHandler) for EXTI1_IRQHandler
    startup_stm32f10x_xl.o(RESET) refers to stm32f10x_it.o(i.EXTI3_IRQHandler) for EXTI3_IRQHandler
    startup_stm32f10x_xl.o(RESET) refers to powermanage.o(i.DMA1_Channel1_IRQHandler) for DMA1_Channel1_IRQHandler
    startup_stm32f10x_xl.o(RESET) refers to stm32f10x_it.o(i.EXTI9_5_IRQHandler) for EXTI9_5_IRQHandler
    startup_stm32f10x_xl.o(.text) refers to system_stm32f10x.o(i.SystemInit) for SystemInit
    startup_stm32f10x_xl.o(.text) refers to entry.o(.ARM.Collect$$$$00000000) for __main
    system_stm32f10x.o(i.SetSysClock) refers to system_stm32f10x.o(i.SetSysClockTo72) for SetSysClockTo72
    system_stm32f10x.o(i.SystemCoreClockUpdate) refers to system_stm32f10x.o(.data) for SystemCoreClock
    system_stm32f10x.o(i.SystemInit) refers to system_stm32f10x.o(i.SetSysClock) for SetSysClock
    stm32f10x_adc.o(i.ADC_DeInit) refers to stm32f10x_rcc.o(i.RCC_APB2PeriphResetCmd) for RCC_APB2PeriphResetCmd
    stm32f10x_bkp.o(i.BKP_DeInit) refers to stm32f10x_rcc.o(i.RCC_BackupResetCmd) for RCC_BackupResetCmd
    stm32f10x_can.o(i.CAN_DeInit) refers to stm32f10x_rcc.o(i.RCC_APB1PeriphResetCmd) for RCC_APB1PeriphResetCmd
    stm32f10x_can.o(i.CAN_GetITStatus) refers to stm32f10x_can.o(i.CheckITStatus) for CheckITStatus
    stm32f10x_cec.o(i.CEC_DeInit) refers to stm32f10x_rcc.o(i.RCC_APB1PeriphResetCmd) for RCC_APB1PeriphResetCmd
    stm32f10x_dac.o(i.DAC_DeInit) refers to stm32f10x_rcc.o(i.RCC_APB1PeriphResetCmd) for RCC_APB1PeriphResetCmd
    stm32f10x_flash.o(i.FLASH_BootConfig) refers to stm32f10x_flash.o(i.FLASH_WaitForLastOperation) for FLASH_WaitForLastOperation
    stm32f10x_flash.o(i.FLASH_EnableWriteProtection) refers to stm32f10x_flash.o(i.FLASH_WaitForLastOperation) for FLASH_WaitForLastOperation
    stm32f10x_flash.o(i.FLASH_EraseAllBank1Pages) refers to stm32f10x_flash.o(i.FLASH_WaitForLastBank1Operation) for FLASH_WaitForLastBank1Operation
    stm32f10x_flash.o(i.FLASH_EraseAllBank2Pages) refers to stm32f10x_flash.o(i.FLASH_WaitForLastBank2Operation) for FLASH_WaitForLastBank2Operation
    stm32f10x_flash.o(i.FLASH_EraseAllPages) refers to stm32f10x_flash.o(i.FLASH_WaitForLastBank1Operation) for FLASH_WaitForLastBank1Operation
    stm32f10x_flash.o(i.FLASH_EraseAllPages) refers to stm32f10x_flash.o(i.FLASH_WaitForLastBank2Operation) for FLASH_WaitForLastBank2Operation
    stm32f10x_flash.o(i.FLASH_EraseOptionBytes) refers to stm32f10x_flash.o(i.FLASH_GetReadOutProtectionStatus) for FLASH_GetReadOutProtectionStatus
    stm32f10x_flash.o(i.FLASH_EraseOptionBytes) refers to stm32f10x_flash.o(i.FLASH_WaitForLastOperation) for FLASH_WaitForLastOperation
    stm32f10x_flash.o(i.FLASH_ErasePage) refers to stm32f10x_flash.o(i.FLASH_WaitForLastBank1Operation) for FLASH_WaitForLastBank1Operation
    stm32f10x_flash.o(i.FLASH_ErasePage) refers to stm32f10x_flash.o(i.FLASH_WaitForLastBank2Operation) for FLASH_WaitForLastBank2Operation
    stm32f10x_flash.o(i.FLASH_ProgramHalfWord) refers to stm32f10x_flash.o(i.FLASH_WaitForLastOperation) for FLASH_WaitForLastOperation
    stm32f10x_flash.o(i.FLASH_ProgramHalfWord) refers to stm32f10x_flash.o(i.FLASH_WaitForLastBank1Operation) for FLASH_WaitForLastBank1Operation
    stm32f10x_flash.o(i.FLASH_ProgramHalfWord) refers to stm32f10x_flash.o(i.FLASH_WaitForLastBank2Operation) for FLASH_WaitForLastBank2Operation
    stm32f10x_flash.o(i.FLASH_ProgramOptionByteData) refers to stm32f10x_flash.o(i.FLASH_WaitForLastOperation) for FLASH_WaitForLastOperation
[...]
    i.KeyDealTask                            0x0800110c   Section        0  keys.o(i.KeyDealTask)
    i.Keys_GPIO_Config                       0x08001134   Section        0  keys.o(i.Keys_GPIO_Config)
    Keys_GPIO_Config                         0x08001135   Thumb Code   442  keys.o(i.Keys_GPIO_Config)
    i.Keys_Init                              0x080012fc   Section        0  keys.o(i.Keys_Init)
    i.LED_GPIO_Config                        0x08001304   Section        0  bsp_led.o(i.LED_GPIO_Config)
    LED_GPIO_Config                          0x08001305   Thumb Code    38  bsp_led.o(i.LED_GPIO_Config)
    i.LED_Init                               0x08001330   Section        0  bsp_led.o(i.LED_Init)
    i.MemManage_Handler                      0x08001344   Section        0  stm32f10x_it.o(i.MemManage_Handler)
    i.Mem_Clr                                0x08001348   Section        0  lib_mem.o(i.Mem_Clr)
    i.Mem_Init                               0x0800135c   Section        0  lib_mem.o(i.Mem_Init)
    i.Mem_Set                                0x080013a4   Section        0  lib_mem.o(i.Mem_Set)
    i.NMI_Handler                            0x08001406   Section        0  stm32f10x_it.o(i.NMI_Handler)
    i.NVIC_Init                              0x08001408   Section        0  misc.o(i.NVIC_Init)
    i.NVIC_PriorityGroupConfig               0x08001478   Section        0  misc.o(i.NVIC_PriorityGroupConfig)
    i.OSCfg_Init                             0x0800148c   Section        0  os_cfg_app.o(i.OSCfg_Init)
    i.OSIdleTaskHook                         0x08001490   Section        0  os_cpu_c.o(i.OSIdleTaskHook)
    i.OSInit                                 0x080014a4   Section        0  os_core.o(i.OSInit)
    i.OSInitHook                             0x08001630   Section        0  os_cpu_c.o(i.OSInitHook)
    i.OSIntEnter                             0x08001668   Section        0  os_core.o(i.OSIntEnter)
    i.OSIntExit                              0x08001694   Section        0  os_core.o(i.OSIntExit)
    i.OSMemCreate                            0x08001778   Section        0  os_mem.o(i.OSMemCreate)
    i.OSMemGet                               0x080018d0   Section        0  os_mem.o(i.OSMemGet)
    i.OSSched                                0x08001940   Section        0  os_core.o(i.OSSched)
    i.OSSchedLock                            0x080019e8   Section        0  os_core.o(i.OSSchedLock)
    i.OSSchedUnlock                          0x08001a64   Section        0  os_core.o(i.OSSchedUnlock)
    i.OSSemCreate                            0x08001b04   Section        0  os_sem.o(i.OSSemCreate)
    i.OSSemPend                              0x08001be8   Section        0  os_sem.o(i.OSSemPend)
    i.OSSemPost                              0x08001e04   Section        0  os_sem.o(i.OSSemPost)
    i.OSStart                                0x08001e9c   Section        0  os_core.o(i.OSStart)
    i.OSStatReset                            0x08001f04   Section        0  os_stat.o(i.OSStatReset)
    i.OSStatTaskCPUUsageInit                 0x0800206c   Section        0  os_stat.o(i.OSStatTaskCPUUsageInit)
    i.OSStatTaskHook                         0x0800216c   Section        0  os_cpu_c.o(i.OSStatTaskHook)
    i.OSTaskCreate                           0x08002180   Section        0  os_task.o(i.OSTaskCreate)
    i.OSTaskCreateHook                       0x08002414   Section        0  os_cpu_c.o(i.OSTaskCreateHook)
    i.OSTaskDel                              0x0800242c   Section        0  os_task.o(i.OSTaskDel)
    i.OSTaskDelHook                          0x08002634   Section        0  os_cpu_c.o(i.OSTaskDelHook)
    i.OSTaskQPend                            0x0800264c   Section        0  os_task.o(i.OSTaskQPend)
    i.OSTaskQPost                            0x08002894   Section        0  os_task.o(i.OSTaskQPost)
    i.OSTaskResume                           0x08002910   Section        0  os_task.o(i.OSTaskResume)
    i.OSTaskReturnHook                       0x08002998   Section        0  os_cpu_c.o(i.OSTaskReturnHook)
    i.OSTaskSemPend                          0x080029b0   Section        0  os_task.o(i.OSTaskSemPend)
    i.OSTaskStkChk                           0x08002c00   Section        0  os_task.o(i.OSTaskStkChk)
    i.OSTaskStkInit                          0x08002ce4   Section        0  os_cpu_c.o(i.OSTaskStkInit)
    i.OSTaskSuspend                          0x08002da4   Section        0  os_task.o(i.OSTaskSuspend)
    i.OSTaskSwHook                           0x08002e04   Section        0  os_cpu_c.o(i.OSTaskSwHook)
    i.OSTimeDly                              0x08002ea8   Section        0  os_time.o(i.OSTimeDly)
    i.OSTimeGet                              0x08002ff8   Section        0  os_time.o(i.OSTimeGet)
    i.OSTimeTick                             0x08003034   Section        0  os_time.o(i.OSTimeTick)
    i.OSTimeTickHook                         0x08003078   Section        0  os_cpu_c.o(i.OSTimeTickHook)
    i.OS_CPU_SysTickHandler                  0x0800308c   Section        0  os_cpu_c.o(i.OS_CPU_SysTickHandler)
    i.OS_CPU_SysTickInit                     0x080030cc   Section        0  os_cpu_c.o(i.OS_CPU_SysTickInit)
    i.OS_Dbg_Init                            0x080030fc   Section        0  os_dbg.o(i.OS_Dbg_Init)
    i.OS_FlagInit                            0x080032b0   Section        0  os_flag.o(i.OS_FlagInit)
    i.OS_FlagPost                            0x080032c8   Section        0  os_flag.o(i.OS_FlagPost)
    i.OS_FlagTaskRdy                         0x08003544   Section        0  os_flag.o(i.OS_FlagTaskRdy)
    i.OS_IdleTask                            0x0800359c   Section        0  os_core.o(i.OS_IdleTask)
    i.OS_IdleTaskInit                        0x080035e8   Section        0  os_core.o(i.OS_IdleTaskInit)
    i.OS_IntQPost                            0x08003658   Section        0  os_int.o(i.OS_IntQPost)
    i.OS_IntQRePost                          0x0800375c   Section        0  os_int.o(i.OS_IntQRePost)
    i.OS_IntQTask                            0x08003900   Section        0  os_int.o(i.OS_IntQTask)
    i.OS_IntQTaskInit                        0x080039c8   Section        0  os_int.o(i.OS_IntQTaskInit)
    i.OS_MemDbgListAdd                       0x08003af0   Section        0  os_mem.o(i.OS_MemDbgListAdd)
    i.OS_MemInit                             0x08003b18   Section        0  os_mem.o(i.OS_MemInit)
    i.OS_MsgPoolInit                         0x08003b30   Section        0  os_msg.o(i.OS_MsgPoolInit)
    i.OS_MsgQFreeAll                         0x08003bac   Section        0  os_msg.o(i.OS_MsgQFreeAll)
    i.OS_MsgQGet                             0x08003bf0   Section        0  os_msg.o(i.OS_MsgQGet)
    i.OS_MsgQInit                            0x08003c58   Section        0  os_msg.o(i.OS_MsgQInit)
    i.OS_MsgQPut                             0x08003c68   Section        0  os_msg.o(i.OS_MsgQPut)
    i.OS_MutexInit                           0x08003d6c   Section        0  os_mutex.o(i.OS_MutexInit)
    i.OS_Pend                                0x08003d84   Section        0  os_core.o(i.OS_Pend)
    i.OS_PendDataInit                        0x08003dec   Section        0  os_core.o(i.OS_PendDataInit)
    i.OS_PendDbgNameAdd                      0x08003e14   Section        0  os_core.o(i.OS_PendDbgNameAdd)
    i.OS_PendDbgNameRemove                   0x08003e70   Section        0  os_core.o(i.OS_PendDbgNameRemove)
    i.OS_PendListInit                        0x08003e94   Section        0  os_core.o(i.OS_PendListInit)
    i.OS_PendListInsertPrio                  0x08003e9e   Section        0  os_core.o(i.OS_PendListInsertPrio)
    i.OS_PendListRemove                      0x08003f04   Section        0  os_core.o(i.OS_PendListRemove)
    i.OS_PendListRemove1                     0x08003f34   Section        0  os_core.o(i.OS_PendListRemove1)
    i.OS_Post                                0x08003f76   Section        0  os_core.o(i.OS_Post)
    i.OS_Post1                               0x08004036   Section        0  os_core.o(i.OS_Post1)
    i.OS_PrioGetHighest                      0x08004060   Section        0  os_prio.o(i.OS_PrioGetHighest)
    i.OS_PrioInit                            0x08004088   Section        0  os_prio.o(i.OS_PrioInit)
    i.OS_PrioInsert                          0x080040a0   Section        0  os_prio.o(i.OS_PrioInsert)
    i.OS_PrioRemove                          0x080040c4   Section        0  os_prio.o(i.OS_PrioRemove)
    i.OS_QInit                               0x080040e8   Section        0  os_q.o(i.OS_QInit)
    i.OS_QPost                               0x08004100   Section        0  os_q.o(i.OS_QPost)
    i.OS_RdyListInit                         0x08004288   Section        0  os_core.o(i.OS_RdyListInit)
    i.OS_RdyListInsert                       0x080042ac   Section        0  os_core.o(i.OS_RdyListInsert)
    i.OS_RdyListInsertHead                   0x080042d8   Section        0  os_core.o(i.OS_RdyListInsertHead)
    i.OS_RdyListInsertTail                   0x08004318   Section        0  os_core.o(i.OS_RdyListInsertTail)
    i.OS_RdyListMoveHeadToTail               0x08004354   Section        0  os_core.o(i.OS_RdyListMoveHeadToTail)
    i.OS_RdyListRemove                       0x08004398   Section        0  os_core.o(i.OS_RdyListRemove)
    i.OS_Sched0                              0x080043f4   Section        0  os_core.o(i.OS_Sched0)
    i.OS_SchedLockTimeMeasStart              0x08004450   Section        0  os_core.o(i.OS_SchedLockTimeMeasStart)
    i.OS_SchedLockTimeMeasStop               0x0800446c   Section        0  os_core.o(i.OS_SchedLockTimeMeasStop)
    i.OS_SchedRoundRobin                     0x080044a8   Section        0  os_core.o(i.OS_SchedRoundRobin)
    i.OS_SemDbgListAdd                       0x08004594   Section        0  os_sem.o(i.OS_SemDbgListAdd)
    i.OS_SemInit                             0x080045c4   Section        0  os_sem.o(i.OS_SemInit)
    i.OS_SemPost                             0x080045dc   Section        0  os_sem.o(i.OS_SemPost)
    i.OS_StatTask                            0x08004774   Section        0  os_stat.o(i.OS_StatTask)
    i.OS_StatTaskInit                        0x08004b2c   Section        0  os_stat.o(i.OS_StatTaskInit)
    i.OS_TaskBlock                           0x08004bf8   Section        0  os_core.o(i.OS_TaskBlock)
    i.OS_TaskDbgListAdd                      0x08004c30   Section        0  os_task.o(i.OS_TaskDbgListAdd)
    i.OS_TaskDbgListRemove                   0x08004c60   Section        0  os_task.o(i.OS_TaskDbgListRemove)
    i.OS_TaskInit                            0x08004ca4   Section        0  os_task.o(i.OS_TaskInit)
    i.OS_TaskInitTCB                         0x08004cc4   Section        0  os_task.o(i.OS_TaskInitTCB)
    i.OS_TaskQPost                           0x08004d94   Section        0  os_task.o(i.OS_TaskQPost)
    i.OS_TaskRdy                             0x08005000   Section        0  os_core.o(i.OS_TaskRdy)
    i.OS_TaskResume                          0x0800501c   Section        0  os_task.o(i.OS_TaskResume)
    i.OS_TaskReturn                          0x08005198   Section        0  os_task.o(i.OS_TaskReturn)
    i.OS_TaskSemPost                         0x080051b0   Section        0  os_task.o(i.OS_TaskSemPost)
    i.OS_TaskSuspend                         0x08005758   Section        0  os_task.o(i.OS_TaskSuspend)
    i.OS_TickListInit                        0x080058e8   Section        0  os_tick.o(i.OS_TickListInit)
    i.OS_TickListInsert                      0x08005910   Section        0  os_tick.o(i.OS_TickListInsert)
    i.OS_TickListRemove                      0x08005acc   Section        0  os_tick.o(i.OS_TickListRemove)
    i.OS_TickListResetPeak                   0x08005b04   Section        0  os_tick.o(i.OS_TickListResetPeak)
    i.OS_TickListUpdate                      0x08005b28   Section        0  os_tick.o(i.OS_TickListUpdate)
    i.OS_TickTask                            0x08005d48   Section        0  os_tick.o(i.OS_TickTask)
    i.OS_TickTaskInit                        0x08005d74   Section        0  os_tick.o(i.OS_TickTaskInit)
    i.OS_TmrInit                             0x08005e2c   Section        0  os_tmr.o(i.OS_TmrInit)
    i.OS_TmrLink                             0x08005f54   Section        0  os_tmr.o(i.OS_TmrLink)
    i.OS_TmrResetPeak                        0x08006024   Section        0  os_tmr.o(i.OS_TmrResetPeak)
    i.OS_TmrTask                             0x08006048   Section        0  os_tmr.o(i.OS_TmrTask)
    i.OS_TmrUnlink                           0x08006108   Section        0  os_tmr.o(i.OS_TmrUnlink)
    i.PowerManTask                           0x08006158   Section        0  powermanage.o(i.PowerManTask)
    i.Powermanage_GPIO_Config                0x080061ac   Section        0  powermanage.o(i.Powermanage_GPIO_Config)
    Powermanage_GPIO_Config                  0x080061ad   Thumb Code    36  powermanage.o(i.Powermanage_GPIO_Config)
    i.Powermanage_Init                       0x080061d4   Section        0  powermanage.o(i.Powermanage_Init)
    i.RCC_ADCCLKConfig                       0x08006220   Section        0  stm32f10x_rcc.o(i.RCC_ADCCLKConfig)
    i.RCC_AHBPeriphClockCmd                  0x08006238   Section        0  stm32f10x_rcc.o(i.RCC_AHBPeriphClockCmd)
    i.RCC_APB2PeriphClockCmd                 0x08006258   Section        0  stm32f10x_rcc.o(i.RCC_APB2PeriphClockCmd)
    i.RCC_APB2PeriphResetCmd                 0x08006278   Section        0  stm32f10x_rcc.o(i.RCC_APB2PeriphResetCmd)
    i.RCC_GetClocksFreq                      0x08006298   Section        0  stm32f10x_rcc.o(i.RCC_GetClocksFreq)
    i.SRAM_Init                              0x0800636c   Section        0  exram.o(i.SRAM_Init)
    i.SVC_Handler                            0x0800646c   Section        0  stm32f10x_it.o(i.SVC_Handler)
    i.SetSysClock                            0x0800646e   Section        0  system_stm32f10x.o(i.SetSysClock)
    SetSysClock                              0x0800646f   Thumb Code     8  system_stm32f10x.o(i.SetSysClock)
    i.SetSysClockTo72                        0x08006478   Section        0  system_stm32f10x.o(i.SetSysClockTo72)
    SetSysClockTo72                          0x08006479   Thumb Code   214  system_stm32f10x.o(i.SetSysClockTo72)
    i.SystemInit                             0x08006558   Section        0  system_stm32f10x.o(i.SystemInit)
    i.UsageFault_Handler                     0x080065b8   Section        0  stm32f10x_it.o(i.UsageFault_Handler)
    i.__scatterload_copy                     0x080065bc   Section       14  handlers.o(i.__scatterload_copy)
    i.__scatterload_null                     0x080065ca   Section        2  handlers.o(i.__scatterload_null)
    i.__scatterload_zeroinit                 0x080065cc   Section       14  handlers.o(i.__scatterload_zeroinit)
    i.main                                   0x080065dc   Section        0  app.o(i.main)
    .constdata                               0x08006750   Section      164  os_cfg_app.o(.constdata)
    .constdata                               0x080067f4   Section      364  os_dbg.o(.constdata)
    .data                                    0x20000000   Section       20  stm32f10x_rcc.o(.data)
    APBAHBPrescTable                         0x20000000   Data          16  stm32f10x_rcc.o(.data)
    ADCPrescTable                            0x20000010   Data           4  stm32f10x_rcc.o(.data)
    .data                                    0x20000014   Section        8  app.o(.data)
    .data                                    0x2000001c   Section       12  keys.o(.data)
    enternumber                              0x20000020   Data           4  keys.o(.data)
    pushtime                                 0x20000024   Data           4  keys.o(.data)
    .data                                    0x20000028   Section       28  cpu_core.o(.data)
    .data                                    0x20000044   Section        4  lib_mem.o(.data)
    .data                                    0x20000048   Section        4  os_prio.o(.data)
    .data                                    0x2000004c   Section      208  os_var.o(.data)
    .data                                    0x2000011c   Section        4  os_cpu_c.o(.data)
    .bss                                     0x20000120   Section     5776  app.o(.bss)
    AppTaskStartTCB                          0x200014e8   Data         200  app.o(.bss)
    AppTaskStartStk                          0x200015b0   Data         512  app.o(.bss)
    .bss                                     0x200017b0   Section      784  powermanage.o(.bss)
    .bss                                     0x20001ac0   Section      744  keys.o(.bss)
    tickstart                                0x20001d88   Data          16  keys.o(.bss)
    tickend                                  0x20001d98   Data          16  keys.o(.bss)
    .bss                                     0x20001da8   Section       16  cpu_core.o(.bss)
    .bss                                     0x20001db8   Section    27720  lib_mem.o(.bss)
    .bss                                     0x20008a00   Section     5264  os_cfg_app.o(.bss)
    .bss                                     0x20009e90   Section     1396  os_var.o(.bss)
    STACK                                    0x2000a408   Section     1024  startup_stm32f10x_xl.o(STACK)
    .ARM.__AT_0x68000000                     0x68000000   Section    1024000  app.o(.ARM.__AT_0x68000000)

    Global Symbols

    Symbol Name                              Value     Ov Type        Size  Object(Section)

    BuildAttributes$$THM_ISAv4$P$D$K$B$S$PE$A:L22UL41UL21$X:L11$S22US41US21$IEEE1$IW$USESV6$~STKCKD$USESV7$~SHL$OSPACE$EBA8$MICROLIB$REQ8$PRES8$EABIv2 0x00000000   Number         0  anon$$obj.o ABSOLUTE
    __ARM_use_no_argv                        0x00000000   Number         0  app.o ABSOLUTE
    __cpp_initialize__aeabi_                  - Undefined Weak Reference
    __cxa_finalize                            - Undefined Weak Reference
    __decompress                              - Undefined Weak Reference
    _clock_init                               - Undefined Weak Reference
    _microlib_exit                            - Undefined Weak Reference
    __Vectors_Size                           0x00000130   Number         0  startup_stm32f10x_xl.o ABSOLUTE
    __Vectors                                0x08000000   Data           4  startup_stm32f10x_xl.o(RESET)
    __Vectors_End                            0x08000130   Data           0  startup_stm32f10x_xl.o(RESET)
    __main                                   0x08000131   Thumb Code     0  entry.o(.ARM.Collect$$$$00000000)
    _main_stk                                0x08000131   Thumb Code     0  entry2.o(.ARM.Collect$$$$00000001)
    _main_scatterload                        0x08000135   Thumb Code     0  entry5.o(.ARM.Collect$$$$00000004)
    __main_after_scatterload                 0x08000139   Thumb Code     0  entry5.o(.ARM.Collect$$$$00000004)
    _main_clock                              0x08000139   Thumb Code     0  entry7b.o(.ARM.Collect$$$$00000008)
    _main_cpp_init                           0x08000139   Thumb Code     0  entry8b.o(.ARM.Collect$$$$0000000A)
    _main_init                               0x08000139   Thumb Code     0  entry9a.o(.ARM.Collect$$$$0000000B)
    __rt_final_cpp                           0x08000141   Thumb Code     0  entry10a.o(.ARM.Collect$$$$0000000D)
    __rt_final_exit                          0x08000141   Thumb Code     0  entry11a.o(.ARM.Collect$$$$0000000F)
    Reset_Handler                            0x08000145   Thumb Code     8  startup_stm32f10x_xl.o(.text)
    ADC1_2_IRQHandler                        0x0800015f   Thumb Code     0  startup_stm32f10x_xl.o(.text)
    ADC3_IRQHandler                          0x0800015f   Thumb Code     0  startup_stm32f10x_xl.o(.text)
    CAN1_RX1_IRQHandler                      0x0800015f   Thumb Code     0  startup_stm32f10x_xl.o(.text)
    CAN1_SCE_IRQHandler                      0x0800015f   Thumb Code     0  startup_stm32f10x_xl.o(.text)
    DMA1_Channel2_IRQHandler                 0x0800015f   Thumb Code     0  startup_stm32f10x_xl.o(.text)
    DMA1_Channel3_IRQHandler                 0x0800015f   Thumb Code     0  startup_stm32f10x_xl.o(.text)
    DMA1_Channel4_IRQHandler                 0x0800015f   Thumb Code     0  startup_stm32f10x_xl.o(.text)
    DMA1_Channel5_IRQHandler                 0x0800015f   Thumb Code     0  startup_stm32f10x_xl.o(.text)
    DMA1_Channel6_IRQHandler                 0x0800015f   Thumb Code     0  startup_stm32f10x_xl.o(.text)
    DMA1_Channel7_IRQHandler                 0x0800015f   Thumb Code     0  startup_stm32f10x_xl.o(.text)
    DMA2_Channel1_IRQHandler                 0x0800015f   Thumb Code     0  startup_stm32f10x_xl.o(.text)
    DMA2_Channel2_IRQHandler                 0x0800015f   Thumb Code     0  startup_stm32f10x_xl.o(.text)
    DMA2_Channel3_IRQHandler                 0x0800015f   Thumb Code     0  startup_stm32f10x_xl.o(.text)
    DMA2_Channel4_5_IRQHandler               0x0800015f   Thumb Code     0  startup_stm32f10x_xl.o(.text)
    EXTI15_10_IRQHandler                     0x0800015f   Thumb Code     0  startup_stm32f10x_xl.o(.text)
    EXTI2_IRQHandler                         0x0800015f   Thumb Code     0  startup_stm32f10x_xl.o(.text)
    EXTI4_IRQHandler                         0x0800015f   Thumb Code     0  startup_stm32f10x_xl.o(.text)
    FLASH_IRQHandler                         0x0800015f   Thumb Code     0  startup_stm32f10x_xl.o(.text)
    FSMC_IRQHandler                          0x0800015f   Thumb Code     0  startup_stm32f10x_xl.o(.text)
    I2C1_ER_IRQHandler                       0x0800015f   Thumb Code     0  startup_stm32f10x_xl.o(.text)
    I2C1_EV_IRQHandler                       0x0800015f   Thumb Code     0  startup_stm32f10x_xl.o(.text)
    I2C2_ER_IRQHandler                       0x0800015f   Thumb Code     0  startup_stm32f10x_xl.o(.text)
    I2C2_EV_IRQHandler                       0x0800015f   Thumb Code     0  startup_stm32f10x_xl.o(.text)
    PVD_IRQHandler                           0x0800015f   Thumb Code     0  startup_stm32f10x_xl.o(.text)
    RCC_IRQHandler                           0x0800015f   Thumb Code     0  startup_stm32f10x_xl.o(.text)
    RTCAlarm_IRQHandler                      0x0800015f   Thumb Code     0  startup_stm32f10x_xl.o(.text)
    RTC_IRQHandler                           0x0800015f   Thumb Code     0  startup_stm32f10x_xl.o(.text)
    SDIO_IRQHandler                          0x0800015f   Thumb Code     0  startup_stm32f10x_xl.o(.text)
    SPI1_IRQHandler                          0x0800015f   Thumb Code     0  startup_stm32f10x_xl.o(.text)
    SPI2_IRQHandler                          0x0800015f   Thumb Code     0  startup_stm32f10x_xl.o(.text)
    SPI3_IRQHandler                          0x0800015f   Thumb Code     0  startup_stm32f10x_xl.o(.text)
    TAMPER_IRQHandler                        0x0800015f   Thumb Code     0  startup_stm32f10x_xl.o(.text)
    TIM1_BRK_TIM9_IRQHandler                 0x0800015f   Thumb Code     0  startup_stm32f10x_xl.o(.text)
    TIM1_CC_IRQHandler                       0x0800015f   Thumb Code     0  startup_stm32f10x_xl.o(.text)
    TIM1_TRG_COM_TIM11_IRQHandler            0x0800015f   Thumb Code     0  startup_stm32f10x_xl.o(.text)
    TIM1_UP_TIM10_IRQHandler                 0x0800015f   Thumb Code     0  startup_stm32f10x_xl.o(.text)
    TIM2_IRQHandler                          0x0800015f   Thumb Code     0  startup_stm32f10x_xl.o(.text)
    TIM3_IRQHandler                          0x0800015f   Thumb Code     0  startup_stm32f10x_xl.o(.text)
    TIM4_IRQHandler                          0x0800015f   Thumb Code     0  startup_stm32f10x_xl.o(.text)
    TIM5_IRQHandler                          0x0800015f   Thumb Code     0  startup_stm32f10x_xl.o(.text)
    TIM6_IRQHandler                          0x0800015f   Thumb Code     0  startup_stm32f10x_xl.o(.text)
    TIM7_IRQHandler                          0x0800015f   Thumb Code     0  startup_stm32f10x_xl.o(.text)
    TIM8_BRK_TIM12_IRQHandler                0x0800015f   Thumb Code     0  startup_stm32f10x_xl.o(.text)
    TIM8_CC_IRQHandler                       0x0800015f   Thumb Code     0  startup_stm32f10x_xl.o(.text)
    TIM8_TRG_COM_TIM14_IRQHandler            0x0800015f   Thumb Code     0  startup_stm32f10x_xl.o(.text)
    TIM8_UP_TIM13_IRQHandler                 0x0800015f   Thumb Code     0  startup_stm32f10x_xl.o(.text)
    UART4_IRQHandler                         0x0800015f   Thumb Code     0  startup_stm32f10x_xl.o(.text)
    UART5_IRQHandler                         0x0800015f   Thumb Code     0  startup_stm32f10x_xl.o(.text)
    USART1_IRQHandler                        0x0800015f   Thumb Code     0  startup_stm32f10x_xl.o(.text)
    USART2_IRQHandler                        0x0800015f   Thumb Code     0  startup_stm32f10x_xl.o(.text)
    USART3_IRQHandler                        0x0800015f   Thumb Code     0  startup_stm32f10x_xl.o(.text)
    USBWakeUp_IRQHandler                     0x0800015f   Thumb Code     0  startup_stm32f10x_xl.o(.text)
    USB_HP_CAN1_TX_IRQHandler                0x0800015f   Thumb Code     0  startup_stm32f10x_xl.o(.text)
    USB_LP_CAN1_RX0_IRQHandler               0x0800015f   Thumb Code     0  startup_stm32f10x_xl.o(.text)
    WWDG_IRQHandler                          0x0800015f   Thumb Code     0  startup_stm32f10x_xl.o(.text)
    CPU_IntDis                               0x08000169   Thumb Code     0  cpu_a.o(.text)
    CPU_IntEn                                0x0800016d   Thumb Code     0  cpu_a.o(.text)
    CPU_SR_Save                              0x08000171   Thumb Code     0  cpu_a.o(.text)
    CPU_SR_Restore                           0x08000179   Thumb Code     0  cpu_a.o(.text)
    CPU_WaitForInt                           0x0800017f   Thumb Code     0  cpu_a.o(.text)
    CPU_WaitForExcept                        0x08000183   Thumb Code     0  cpu_a.o(.text)
    CPU_CntLeadZeros                         0x08000187   Thumb Code     0  cpu_a.o(.text)
    CPU_CntTrailZeros                        0x0800018d   Thumb Code     0  cpu_a.o(.text)
    CPU_RevBits                              0x08000197   Thumb Code     0  cpu_a.o(.text)
    __scatterload                            0x0800019d   Thumb Code    28  init.o(.text)
    __scatterload_rt2                        0x0800019d   Thumb Code     0  init.o(.text)
    OSStartHighRdy                           0x080001c1   Thumb Code     0  os_cpu_a.o(CODE)
    OS_CPU_PendSVHandler                     0x080001e3   Thumb Code     0  os_cpu_a.o(CODE)
    ADC_Cmd                                  0x08000245   Thumb Code    22  stm32f10x_adc.o(i.ADC_Cmd)
    ADC_DMACmd                               0x0800025b   Thumb Code    22  stm32f10x_adc.o(i.ADC_DMACmd)
    ADC_DeInit                               0x08000271   Thumb Code    78  stm32f10x_adc.o(i.ADC_DeInit)
    ADC_GetCalibrationStatus                 0x080002cd   Thumb Code    20  stm32f10x_adc.o(i.ADC_GetCalibrationStatus)
    ADC_GetResetCalibrationStatus            0x080002e1   Thumb Code    20  stm32f10x_adc.o(i.ADC_GetResetCalibrationStatus)
    ADC_Init                                 0x080002f5   Thumb Code    70  stm32f10x_adc.o(i.ADC_Init)
    ADC_RegularChannelConfig                 0x08000345   Thumb Code   184  stm32f10x_adc.o(i.ADC_RegularChannelConfig)
    ADC_ResetCalibration                     0x080003fd   Thumb Code    10  stm32f10x_adc.o(i.ADC_ResetCalibration)
    ADC_SoftwareStartConvCmd                 0x08000407   Thumb Code    22  stm32f10x_adc.o(i.ADC_SoftwareStartConvCmd)
    ADC_StartCalibration                     0x0800041d   Thumb Code    10  stm32f10x_adc.o(i.ADC_StartCalibration)
    BSP_CPU_ClkFreq                          0x0800060d   Thumb Code    16  bsp.o(i.BSP_CPU_ClkFreq)
    BSP_Init                                 0x0800061d   Thumb Code    16  bsp.o(i.BSP_Init)
    BusFault_Handler                         0x0800062d   Thumb Code     4  stm32f10x_it.o(i.BusFault_Handler)
    CPU_Init                                 0x08000631   Thumb Code    16  cpu_core.o(i.CPU_Init)
    CPU_IntDisMeasMaxCurGet                  0x080006e1   Thumb Code    40  cpu_core.o(i.CPU_IntDisMeasMaxCurGet)
    CPU_IntDisMeasMaxCurReset                0x0800070d   Thumb Code    40  cpu_core.o(i.CPU_IntDisMeasMaxCurReset)
    CPU_IntDisMeasMaxGet                     0x08000739   Thumb Code    40  cpu_core.o(i.CPU_IntDisMeasMaxGet)
    CPU_IntDisMeasStart                      0x08000765   Thumb Code    38  cpu_core.o(i.CPU_IntDisMeasStart)
    CPU_IntDisMeasStop                       0x08000799   Thumb Code    62  cpu_core.o(i.CPU_IntDisMeasStop)
    CPU_NameClr                              0x080007ed   Thumb Code    50  cpu_core.o(i.CPU_NameClr)
    CPU_TS_TmrFreqSet                        0x08000841   Thumb Code     6  cpu_core.o(i.CPU_TS_TmrFreqSet)
    CPU_TS_TmrInit                           0x0800084d   Thumb Code    44  bsp.o(i.CPU_TS_TmrInit)
    CPU_TS_TmrRd                             0x08000881   Thumb Code     6  bsp.o(i.CPU_TS_TmrRd)
    DMA1_Channel1_IRQHandler                 0x0800088d   Thumb Code    40  powermanage.o(i.DMA1_Channel1_IRQHandler)
    DMA_ClearITPendingBit                    0x080008b9   Thumb Code    18  stm32f10x_dma.o(i.DMA_ClearITPendingBit)
    DMA_Cmd                                  0x080008d5   Thumb Code    24  stm32f10x_dma.o(i.DMA_Cmd)
    DMA_Configuration                        0x080008ed   Thumb Code   110  powermanage.o(i.DMA_Configuration)
    DMA_DeInit                               0x08000969   Thumb Code   324  stm32f10x_dma.o(i.DMA_DeInit)
    DMA_GetITStatus                          0x08000ab5   Thumb Code    36  stm32f10x_dma.o(i.DMA_GetITStatus)
    DMA_ITConfig                             0x08000ae1   Thumb Code    18  stm32f10x_dma.o(i.DMA_ITConfig)
    DMA_Init                                 0x08000af3   Thumb Code    60  stm32f10x_dma.o(i.DMA_Init)
    DebugMon_Handler                         0x08000b2f   Thumb Code     2  stm32f10x_it.o(i.DebugMon_Handler)
    EXTI0_IRQHandler                         0x08000b31   Thumb Code     8  stm32f10x_it.o(i.EXTI0_IRQHandler)
    EXTI1_IRQHandler                         0x08000b39   Thumb Code     8  stm32f10x_it.o(i.EXTI1_IRQHandler)
    EXTI3_IRQHandler                         0x08000b41   Thumb Code     8  stm32f10x_it.o(i.EXTI3_IRQHandler)
    EXTI9_5_IRQHandler                       0x08000b49   Thumb Code     8  stm32f10x_it.o(i.EXTI9_5_IRQHandler)
    EXTI_ClearITPendingBit                   0x08000b51   Thumb Code     6  stm32f10x_exti.o(i.EXTI_ClearITPendingBit)
    EXTI_GetITStatus                         0x08000b5d   Thumb Code    34  stm32f10x_exti.o(i.EXTI_GetITStatus)
    EXTI_Init                                0x08000b85   Thumb Code   142  stm32f10x_exti.o(i.EXTI_Init)
    FSMC_NORSRAMCmd                          0x08000c19   Thumb Code    46  stm32f10x_fsmc.o(i.FSMC_NORSRAMCmd)
    FSMC_NORSRAMInit                         0x08000c4d   Thumb Code   230  stm32f10x_fsmc.o(i.FSMC_NORSRAMInit)
    GPIO_EXTILineConfig                      0x08000d35   Thumb Code    60  stm32f10x_gpio.o(i.GPIO_EXTILineConfig)
    GPIO_Init                                0x08000d75   Thumb Code   278  stm32f10x_gpio.o(i.GPIO_Init)
    GPIO_ReadOutputDataBit                   0x08000e8b   Thumb Code    18  stm32f10x_gpio.o(i.GPIO_ReadOutputDataBit)
    GPIO_ResetBits                           0x08000e9d   Thumb Code     4  stm32f10x_gpio.o(i.GPIO_ResetBits)
    GPIO_SetBits                             0x08000ea1   Thumb Code     4  stm32f10x_gpio.o(i.GPIO_SetBits)
    HardFault_Handler                        0x08000ea5   Thumb Code     4  stm32f10x_it.o(i.HardFault_Handler)
    KEY2_IRQ_DEAL                            0x08000ea9   Thumb Code    42  keys.o(i.KEY2_IRQ_DEAL)
    KEY3_IRQ_DEAL                            0x08000edd   Thumb Code    42  keys.o(i.KEY3_IRQ_DEAL)
    KEY4_IRQ_DEAL                            0x08000f11   Thumb Code    42  keys.o(i.KEY4_IRQ_DEAL)
    KEY5_IRQ_DEAL                            0x08000f45   Thumb Code    42  keys.o(i.KEY5_IRQ_DEAL)
    KeyDeal                                  0x08000f79   Thumb Code   386  keys.o(i.KeyDeal)
    KeyDealTask                              0x0800110d   Thumb Code    38  keys.o(i.KeyDealTask)
    Keys_Init                                0x080012fd   Thumb Code     8  keys.o(i.Keys_Init)
    LED_Init                                 0x08001331   Thumb Code    16  bsp_led.o(i.LED_Init)
    MemManage_Handler                        0x08001345   Thumb Code     4  stm32f10x_it.o(i.MemManage_Handler)
    Mem_Clr                                  0x08001349   Thumb Code    18  lib_mem.o(i.Mem_Clr)
    Mem_Init                                 0x0800135d   Thumb Code    54  lib_mem.o(i.Mem_Init)
    Mem_Set                                  0x080013a5   Thumb Code    98  lib_mem.o(i.Mem_Set)
    NMI_Handler                              0x08001407   Thumb Code     2  stm32f10x_it.o(i.NMI_Handler)
    NVIC_Init                                0x08001409   Thumb Code   100  misc.o(i.NVIC_Init)
    NVIC_PriorityGroupConfig                 0x08001479   Thumb Code    10  misc.o(i.NVIC_PriorityGroupConfig)
    OSCfg_Init                               0x0800148d   Thumb Code     2  os_cfg_app.o(i.OSCfg_Init)
    OSIdleTaskHook                           0x08001491   Thumb Code    16  os_cpu_c.o(i.OSIdleTaskHook)
    OSInit                                   0x080014a5   Thumb Code   300  os_core.o(i.OSInit)
    OSInitHook                               0x08001631   Thumb Code    42  os_cpu_c.o(i.OSInitHook)
    OSIntEnter                               0x08001669   Thumb Code    34  os_core.o(i.OSIntEnter)
    OSIntExit                                0x08001695   Thumb Code   192  os_core.o(i.OSIntExit)
    OSMemCreate                              0x08001779   Thumb Code   326  os_mem.o(i.OSMemCreate)
    OSMemGet                                 0x080018d1   Thumb Code   112  os_mem.o(i.OSMemGet)
    OSSched                                  0x08001941   Thumb Code   134  os_core.o(i.OSSched)
    OSSchedLock                              0x080019e9   Thumb Code   112  os_core.o(i.OSSchedLock)
    OSSchedUnlock                            0x08001a65   Thumb Code   148  os_core.o(i.OSSchedUnlock)
    OSSemCreate                              0x08001b05   Thumb Code   210  os_sem.o(i.OSSemCreate)
    OSSemPend                                0x08001be9   Thumb Code   524  os_sem.o(i.OSSemPend)
    OSSemPost                                0x08001e05   Thumb Code   144  os_sem.o(i.OSSemPost)
    OSStart                                  0x08001e9d   Thumb Code    78  os_core.o(i.OSStart)
    OSStatReset                              0x08001f05   Thumb Code   316  os_stat.o(i.OSStatReset)
    OSStatTaskCPUUsageInit                   0x0800206d   Thumb Code   228  os_stat.o(i.OSStatTaskCPUUsageInit)
    OSStatTaskHook                           0x0800216d   Thumb Code    16  os_cpu_c.o(i.OSStatTaskHook)
    OSTaskCreate                             0x08002181   Thumb Code   624  os_task.o(i.OSTaskCreate)
    OSTaskCreateHook                         0x08002415   Thumb Code    20  os_cpu_c.o(i.OSTaskCreateHook)
    OSTaskDel                                0x0800242d   Thumb Code   490  os_task.o(i.OSTaskDel)
    OSTaskDelHook                            0x08002635   Thumb Code    20  os_cpu_c.o(i.OSTaskDelHook)
    OSTaskQPend                              0x0800264d   Thumb Code   572  os_task.o(i.OSTaskQPend)
    OSTaskQPost                              0x08002895   Thumb Code   114  os_task.o(i.OSTaskQPost)
    OSTaskResume                             0x08002911   Thumb Code   124  os_task.o(i.OSTaskResume)
    OSTaskReturnHook                         0x08002999   Thumb Code    20  os_cpu_c.o(i.OSTaskReturnHook)
    OSTaskSemPend                            0x080029b1   Thumb Code   578  os_task.o(i.OSTaskSemPend)
    OSTaskStkChk                             0x08002c01   Thumb Code   220  os_task.o(i.OSTaskStkChk)
    OSTaskStkInit                            0x08002ce5   Thumb Code   188  os_cpu_c.o(i.OSTaskStkInit)
    OSTaskSuspend                            0x08002da5   Thumb Code    78  os_task.o(i.OSTaskSuspend)
    OSTaskSwHook                             0x08002e05   Thumb Code   146  os_cpu_c.o(i.OSTaskSwHook)
    OSTimeDly                                0x08002ea9   Thumb Code   322  os_time.o(i.OSTimeDly)
    OSTimeGet                                0x08002ff9   Thumb Code    54  os_time.o(i.OSTimeGet)
    OSTimeTick                               0x08003035   Thumb Code    54  os_time.o(i.OSTimeTick)
    OSTimeTickHook                           0x08003079   Thumb Code    16  os_cpu_c.o(i.OSTimeTickHook)
    OS_CPU_SysTickHandler                    0x0800308d   Thumb Code    60  os_cpu_c.o(i.OS_CPU_SysTickHandler)
    OS_CPU_SysTickInit                       0x080030cd   Thumb Code    44  os_cpu_c.o(i.OS_CPU_SysTickInit)
    OS_Dbg_Init                              0x080030fd   Thumb Code   150  os_dbg.o(i.OS_Dbg_Init)
    OS_FlagInit                              0x080032b1   Thumb Code    14  os_flag.o(i.OS_FlagInit)
    OS_FlagPost                              0x080032c9   Thumb Code   626  os_flag.o(i.OS_FlagPost)
    OS_FlagTaskRdy                           0x08003545   Thumb Code    86  os_flag.o(i.OS_FlagTaskRdy)
    OS_IdleTask                              0x0800359d   Thumb Code    68  os_core.o(i.OS_IdleTask)
    OS_IdleTaskInit                          0x080035e9   Thumb Code    66  os_core.o(i.OS_IdleTaskInit)
    OS_IntQPost                              0x08003659   Thumb Code   224  os_int.o(i.OS_IntQPost)
    OS_IntQRePost                            0x0800375d   Thumb Code   360  os_int.o(i.OS_IntQRePost)
    OS_IntQTask                              0x08003901   Thumb Code   182  os_int.o(i.OS_IntQTask)
    OS_IntQTaskInit                          0x080039c9   Thumb Code   206  os_int.o(i.OS_IntQTaskInit)
    OS_MemDbgListAdd                         0x08003af1   Thumb Code    34  os_mem.o(i.OS_MemDbgListAdd)
    OS_MemInit                               0x08003b19   Thumb Code    14  os_mem.o(i.OS_MemInit)
    OS_MsgPoolInit                           0x08003b31   Thumb Code   110  os_msg.o(i.OS_MsgPoolInit)
    OS_MsgQFreeAll                           0x08003bad   Thumb Code    62  os_msg.o(i.OS_MsgQFreeAll)
    OS_MsgQGet                               0x08003bf1   Thumb Code    98  os_msg.o(i.OS_MsgQGet)
    OS_MsgQInit                              0x08003c59   Thumb Code    14  os_msg.o(i.OS_MsgQInit)
    OS_MsgQPut                               0x08003c69   Thumb Code   254  os_msg.o(i.OS_MsgQPut)
    OS_MutexInit                             0x08003d6d   Thumb Code    14  os_mutex.o(i.OS_MutexInit)
    OS_Pend                                  0x08003d85   Thumb Code    98  os_core.o(i.OS_Pend)
    OS_PendDataInit                          0x08003ded   Thumb Code    38  os_core.o(i.OS_PendDataInit)
    OS_PendDbgNameAdd                        0x08003e15   Thumb Code    66  os_core.o(i.OS_PendDbgNameAdd)
    OS_PendDbgNameRemove                     0x08003e71   Thumb Code    30  os_core.o(i.OS_PendDbgNameRemove)
    OS_PendListInit                          0x08003e95   Thumb Code    10  os_core.o(i.OS_PendListInit)
    OS_PendListInsertPrio                    0x08003e9f   Thumb Code   102  os_core.o(i.OS_PendListInsertPrio)
    OS_PendListRemove                        0x08003f05   Thumb Code    48  os_core.o(i.OS_PendListRemove)
    OS_PendListRemove1                       0x08003f35   Thumb Code    66  os_core.o(i.OS_PendListRemove1)
    OS_Post                                  0x08003f77   Thumb Code   192  os_core.o(i.OS_Post)
    OS_Post1                                 0x08004037   Thumb Code    42  os_core.o(i.OS_Post1)
    OS_PrioGetHighest                        0x08004061   Thumb Code    36  os_prio.o(i.OS_PrioGetHighest)
    OS_PrioInit                              0x08004089   Thumb Code    20  os_prio.o(i.OS_PrioInit)
    OS_PrioInsert                            0x080040a1   Thumb Code    32  os_prio.o(i.OS_PrioInsert)
    OS_PrioRemove                            0x080040c5   Thumb Code    32  os_prio.o(i.OS_PrioRemove)
    OS_QInit                                 0x080040e9   Thumb Code    14  os_q.o(i.OS_QInit)
    OS_QPost                                 0x08004101   Thumb Code   382  os_q.o(i.OS_QPost)
    OS_RdyListInit                           0x08004289   Thumb Code    32  os_core.o(i.OS_RdyListInit)
    OS_RdyListInsert                         0x080042ad   Thumb Code    40  os_core.o(i.OS_RdyListInsert)
    OS_RdyListInsertHead                     0x080042d9   Thumb Code    58  os_core.o(i.OS_RdyListInsertHead)
    OS_RdyListInsertTail                     0x08004319   Thumb Code    56  os_core.o(i.OS_RdyListInsertTail)
    OS_RdyListMoveHeadToTail                 0x08004355   Thumb Code    68  os_core.o(i.OS_RdyListMoveHeadToTail)
    OS_RdyListRemove                         0x08004399   Thumb Code    86  os_core.o(i.OS_RdyListRemove)
    OS_Sched0                                0x080043f5   Thumb Code    72  os_core.o(i.OS_Sched0)
    OS_SchedLockTimeMeasStart                0x08004451   Thumb Code    20  os_core.o(i.OS_SchedLockTimeMeasStart)
    OS_SchedLockTimeMeasStop                 0x0800446d   Thumb Code    44  os_core.o(i.OS_SchedLockTimeMeasStop)
    OS_SchedRoundRobin                       0x080044a9   Thumb Code   218  os_core.o(i.OS_SchedRoundRobin)
    OS_SemDbgListAdd                         0x08004595   Thumb Code    38  os_sem.o(i.OS_SemDbgListAdd)
    OS_SemInit                               0x080045c5   Thumb Code    14  os_sem.o(i.OS_SemInit)
    OS_SemPost                               0x080045dd   Thumb Code   404  os_sem.o(i.OS_SemPost)
    OS_StatTask                              0x08004775   Thumb Code   878  os_stat.o(i.OS_StatTask)
    OS_StatTaskInit                          0x08004b2d   Thumb Code   136  os_stat.o(i.OS_StatTaskInit)
    OS_TaskBlock                             0x08004bf9   Thumb Code    56  os_core.o(i.OS_TaskBlock)
    OS_TaskDbgListAdd                        0x08004c31   Thumb Code    42  os_task.o(i.OS_TaskDbgListAdd)
    OS_TaskDbgListRemove                     0x08004c61   Thumb Code    64  os_task.o(i.OS_TaskDbgListRemove)
    OS_TaskInit                              0x08004ca5   Thumb Code    18  os_task.o(i.OS_TaskInit)
    OS_TaskInitTCB                           0x08004cc5   Thumb Code   194  os_task.o(i.OS_TaskInitTCB)
    OS_TaskQPost                             0x08004d95   Thumb Code   606  os_task.o(i.OS_TaskQPost)
    OS_TaskRdy                               0x08005001   Thumb Code    28  os_core.o(i.OS_TaskRdy)
    OS_TaskResume                            0x0800501d   Thumb Code   374  os_task.o(i.OS_TaskResume)
    OS_TaskReturn                            0x08005199   Thumb Code    20  os_task.o(i.OS_TaskReturn)
    OS_TaskSemPost                           0x080051b1   Thumb Code  1438  os_task.o(i.OS_TaskSemPost)
    OS_TaskSuspend                           0x08005759   Thumb Code   392  os_task.o(i.OS_TaskSuspend)
    OS_TickListInit                          0x080058e9   Thumb Code    32  os_tick.o(i.OS_TickListInit)
    OS_TickListInsert                        0x08005911   Thumb Code   430  os_tick.o(i.OS_TickListInsert)
    OS_TickListRemove                        0x08005acd   Thumb Code    56  os_tick.o(i.OS_TickListRemove)
    OS_TickListResetPeak                     0x08005b05   Thumb Code    28  os_tick.o(i.OS_TickListResetPeak)
    OS_TickListUpdate                        0x08005b29   Thumb Code   520  os_tick.o(i.OS_TickListUpdate)
    OS_TickTask                              0x08005d49   Thumb Code    38  os_tick.o(i.OS_TickTask)
    OS_TickTaskInit                          0x08005d75   Thumb Code   128  os_tick.o(i.OS_TickTaskInit)
    OS_TmrInit                               0x08005e2d   Thumb Code   206  os_tmr.o(i.OS_TmrInit)
    OS_TmrLink                               0x08005f55   Thumb Code   196  os_tmr.o(i.OS_TmrLink)
    OS_TmrResetPeak                          0x08006025   Thumb Code    28  os_tmr.o(i.OS_TmrResetPeak)
    OS_TmrTask                               0x08006049   Thumb Code   176  os_tmr.o(i.OS_TmrTask)
    OS_TmrUnlink                             0x08006109   Thumb Code    72  os_tmr.o(i.OS_TmrUnlink)
    PowerManTask                             0x08006159   Thumb Code    70  powermanage.o(i.PowerManTask)
    Powermanage_Init                         0x080061d5   Thumb Code    52  powermanage.o(i.Powermanage_Init)
    RCC_ADCCLKConfig                         0x08006221   Thumb Code    18  stm32f10x_rcc.o(i.RCC_ADCCLKConfig)
    RCC_AHBPeriphClockCmd                    0x08006239   Thumb Code    26  stm32f10x_rcc.o(i.RCC_AHBPeriphClockCmd)
    RCC_APB2PeriphClockCmd                   0x08006259   Thumb Code    26  stm32f10x_rcc.o(i.RCC_APB2PeriphClockCmd)
    RCC_APB2PeriphResetCmd                   0x08006279   Thumb Code    26  stm32f10x_rcc.o(i.RCC_APB2PeriphResetCmd)
    RCC_GetClocksFreq                        0x08006299   Thumb Code   192  stm32f10x_rcc.o(i.RCC_GetClocksFreq)
    SRAM_Init                                0x0800636d   Thumb Code   240  exram.o(i.SRAM_Init)
    SVC_Handler                              0x0800646d   Thumb Code     2  stm32f10x_it.o(i.SVC_Handler)
    SystemInit                               0x08006559   Thumb Code    78  system_stm32f10x.o(i.SystemInit)
    UsageFault_Handler                       0x080065b9   Thumb Code     4  stm32f10x_it.o(i.UsageFault_Handler)
    __scatterload_copy                       0x080065bd   Thumb Code    14  handlers.o(i.__scatterload_copy)
    __scatterload_null                       0x080065cb   Thumb Code     2  handlers.o(i.__scatterload_null)
    __scatterload_zeroinit                   0x080065cd   Thumb Code    14  handlers.o(i.__scatterload_zeroinit)
    main                                     0x080065dd   Thumb Code   288  app.o(i.main)
    OSCfg_IdleTaskStkBasePtr                 0x08006750   Data           4  os_cfg_app.o(.constdata)
    OSCfg_IdleTaskStkLimit                   0x08006754   Data           4  os_cfg_app.o(.constdata)
    OSCfg_IdleTaskStkSize                    0x08006758   Data           4  os_cfg_app.o(.constdata)
    OSCfg_IdleTaskStkSizeRAM                 0x0800675c   Data           4  os_cfg_app.o(.constdata)
    OSCfg_IntQBasePtr                        0x08006760   Data           4  os_cfg_app.o(.constdata)
    OSCfg_IntQSize                           0x08006764   Data           2  os_cfg_app.o(.constdata)
    OSCfg_IntQSizeRAM                        0x08006768   Data           4  os_cfg_app.o(.constdata)
    OSCfg_IntQTaskStkBasePtr                 0x0800676c   Data           4  os_cfg_app.o(.constdata)
    OSCfg_IntQTaskStkLimit                   0x08006770   Data           4  os_cfg_app.o(.constdata)
    OSCfg_IntQTaskStkSize                    0x08006774   Data           4  os_cfg_app.o(.constdata)
    OSCfg_IntQTaskStkSizeRAM                 0x08006778   Data           4  os_cfg_app.o(.constdata)
    OSCfg_ISRStkBasePtr                      0x0800677c   Data           4  os_cfg_app.o(.constdata)
    OSCfg_ISRStkSize                         0x08006780   Data           4  os_cfg_app.o(.constdata)
    OSCfg_ISRStkSizeRAM                      0x08006784   Data           4  os_cfg_app.o(.constdata)
    OSCfg_MsgPoolSize                        0x08006788   Data           2  os_cfg_app.o(.constdata)
    OSCfg_MsgPoolSizeRAM                     0x0800678c   Data           4  os_cfg_app.o(.constdata)
    OSCfg_MsgPoolBasePtr                     0x08006790   Data           4  os_cfg_app.o(.constdata)
    OSCfg_StatTaskPrio                       0x08006794   Data           1  os_cfg_app.o(.constdata)
    OSCfg_StatTaskRate_Hz                    0x08006798   Data           4  os_cfg_app.o(.constdata)
    OSCfg_StatTaskStkBasePtr                 0x0800679c   Data           4  os_cfg_app.o(.constdata)
    OSCfg_StatTaskStkLimit                   0x080067a0   Data           4  os_cfg_app.o(.constdata)
    OSCfg_StatTaskStkSize                    0x080067a4   Data           4  os_cfg_app.o(.constdata)
    OSCfg_StatTaskStkSizeRAM                 0x080067a8   Data           4  os_cfg_app.o(.constdata)
    OSCfg_StkSizeMin                         0x080067ac   Data           4  os_cfg_app.o(.constdata)
    OSCfg_TickRate_Hz                        0x080067b0   Data           4  os_cfg_app.o(.constdata)
    OSCfg_TickTaskPrio                       0x080067b4   Data           1  os_cfg_app.o(.constdata)
    OSCfg_TickTaskStkBasePtr                 0x080067b8   Data           4  os_cfg_app.o(.constdata)
    OSCfg_TickTaskStkLimit                   0x080067bc   Data           4  os_cfg_app.o(.constdata)
    OSCfg_TickTaskStkSize                    0x080067c0   Data           4  os_cfg_app.o(.constdata)
    OSCfg_TickTaskStkSizeRAM                 0x080067c4   Data           4  os_cfg_app.o(.constdata)
    OSCfg_TickWheelSize                      0x080067c8   Data           2  os_cfg_app.o(.constdata)
    OSCfg_TickWheelSizeRAM                   0x080067cc   Data           4  os_cfg_app.o(.constdata)
    OSCfg_TmrTaskPrio                        0x080067d0   Data           1  os_cfg_app.o(.constdata)
    OSCfg_TmrTaskRate_Hz                     0x080067d4   Data           4  os_cfg_app.o(.constdata)
    OSCfg_TmrTaskStkBasePtr                  0x080067d8   Data           4  os_cfg_app.o(.constdata)
    OSCfg_TmrTaskStkLimit                    0x080067dc   Data           4  os_cfg_app.o(.constdata)
    OSCfg_TmrTaskStkSize                     0x080067e0   Data           4  os_cfg_app.o(.constdata)
    OSCfg_TmrTaskStkSizeRAM                  0x080067e4   Data           4  os_cfg_app.o(.constdata)
    OSCfg_TmrWheelSize                       0x080067e8   Data           2  os_cfg_app.o(.constdata)
    OSCfg_TmrWheelSizeRAM                    0x080067ec   Data           4  os_cfg_app.o(.constdata)
    OSCfg_DataSizeRAM                        0x080067f0   Data           4  os_cfg_app.o(.constdata)
    OSDbg_DbgEn                              0x080067f4   Data           1  os_dbg.o(.constdata)
    OSDbg_ArgChkEn                           0x080067f5   Data           1  os_dbg.o(.constdata)
    OSDbg_AppHooksEn                         0x080067f6   Data           1  os_dbg.o(.constdata)
    OSDbg_EndiannessTest                     0x080067f8   Data           4  os_dbg.o(.constdata)
    OSDbg_CalledFromISRChkEn                 0x080067fc   Data           1  os_dbg.o(.constdata)
    OSDbg_FlagEn                             0x080067fd   Data           1  os_dbg.o(.constdata)
    OSDbg_FlagGrp                            0x08006800   Data          40  os_dbg.o(.constdata)
    OSDbg_FlagDelEn                          0x08006828   Data           1  os_dbg.o(.constdata)
    OSDbg_FlagModeClrEn                      0x08006829   Data           1  os_dbg.o(.constdata)
    OSDbg_FlagPendAbortEn                    0x0800682a   Data           1  os_dbg.o(.constdata)
    OSDbg_FlagGrpSize                        0x0800682c   Data           2  os_dbg.o(.constdata)
    OSDbg_FlagWidth                          0x0800682e   Data           2  os_dbg.o(.constdata)
    OSDbg_IntQ                               0x08006830   Data           2  os_dbg.o(.constdata)
    OSDbg_ISRPostDeferredEn                  0x08006832   Data           1  os_dbg.o(.constdata)
    OSDbg_Mem                                0x08006834   Data          32  os_dbg.o(.constdata)
    OSDbg_MemEn                              0x08006854   Data           1  os_dbg.o(.constdata)
    OSDbg_MemSize                            0x08006856   Data           2  os_dbg.o(.constdata)
    OSDbg_MsgEn                              0x08006858   Data           1  os_dbg.o(.constdata)
    OSDbg_MsgSize                            0x0800685a   Data           2  os_dbg.o(.constdata)
    OSDbg_MsgPoolSize                        0x0800685c   Data           2  os_dbg.o(.constdata)
    OSDbg_MsgQSize                           0x0800685e   Data           2  os_dbg.o(.constdata)
    OSDbg_Mutex                              0x08006860   Data          44  os_dbg.o(.constdata)
    OSDbg_MutexEn                            0x0800688c   Data           1  os_dbg.o(.constdata)
    OSDbg_MutexDelEn                         0x0800688d   Data           1  os_dbg.o(.constdata)
    OSDbg_MutexPendAbortEn                   0x0800688e   Data           1  os_dbg.o(.constdata)
    OSDbg_MutexSize                          0x08006890   Data           2  os_dbg.o(.constdata)
    OSDbg_ObjTypeChkEn                       0x08006892   Data           1  os_dbg.o(.constdata)
    OSDbg_PendMultiEn                        0x08006893   Data           1  os_dbg.o(.constdata)
    OSDbg_PendDataSize                       0x08006894   Data           2  os_dbg.o(.constdata)
    OSDbg_PendListSize                       0x08006896   Data           2  os_dbg.o(.constdata)
    OSDbg_PendObjSize                        0x08006898   Data           2  os_dbg.o(.constdata)
    OSDbg_PrioMax                            0x0800689a   Data           2  os_dbg.o(.constdata)
    OSDbg_PrioTblSize                        0x0800689c   Data           2  os_dbg.o(.constdata)
    OSDbg_PtrSize                            0x0800689e   Data           2  os_dbg.o(.constdata)
    OSDbg_Q                                  0x080068a0   Data          48  os_dbg.o(.constdata)
    OSDbg_QEn                                0x080068d0   Data           1  os_dbg.o(.constdata)
    OSDbg_QDelEn                             0x080068d1   Data           1  os_dbg.o(.constdata)
    OSDbg_QFlushEn                           0x080068d2   Data           1  os_dbg.o(.constdata)
    OSDbg_QPendAbortEn                       0x080068d3   Data           1  os_dbg.o(.constdata)
    OSDbg_QSize                              0x080068d4   Data           2  os_dbg.o(.constdata)
    OSDbg_SchedRoundRobinEn                  0x080068d6   Data           1  os_dbg.o(.constdata)
    OSDbg_Sem                                0x080068d8   Data          40  os_dbg.o(.constdata)
    OSDbg_SemEn                              0x08006900   Data           1  os_dbg.o(.constdata)
    OSDbg_SemDelEn                           0x08006901   Data           1  os_dbg.o(.constdata)
    OSDbg_SemPendAbortEn                     0x08006902   Data           1  os_dbg.o(.constdata)
    OSDbg_SemSetEn                           0x08006903   Data           1  os_dbg.o(.constdata)
    OSDbg_SemSize                            0x08006904   Data           2  os_dbg.o(.constdata)
    OSDbg_RdyList                            0x08006906   Data           2  os_dbg.o(.constdata)
    OSDbg_RdyListSize                        0x08006908   Data           4  os_dbg.o(.constdata)
    OSDbg_StkWidth                           0x0800690c   Data           1  os_dbg.o(.constdata)
    OSDbg_StatTaskEn                         0x0800690d   Data           1  os_dbg.o(.constdata)
    OSDbg_StatTaskStkChkEn                   0x0800690e   Data           1  os_dbg.o(.constdata)
    OSDbg_TaskChangePrioEn                   0x0800690f   Data           1  os_dbg.o(.constdata)
    OSDbg_TaskDelEn                          0x08006910   Data           1  os_dbg.o(.constdata)
    OSDbg_TaskQEn                            0x08006911   Data           1  os_dbg.o(.constdata)
    OSDbg_TaskQPendAbortEn                   0x08006912   Data           1  os_dbg.o(.constdata)
    OSDbg_TaskProfileEn                      0x08006913   Data           1  os_dbg.o(.constdata)
    OSDbg_TaskRegTblSize                     0x08006914   Data           2  os_dbg.o(.constdata)
    OSDbg_TaskSemPendAbortEn                 0x08006916   Data           1  os_dbg.o(.constdata)
    OSDbg_TaskSuspendEn                      0x08006917   Data           1  os_dbg.o(.constdata)
    OSDbg_TCBSize                            0x08006918   Data           2  os_dbg.o(.constdata)
    OSDbg_TickSpokeSize                      0x0800691a   Data           2  os_dbg.o(.constdata)
    OSDbg_TimeDlyHMSMEn                      0x0800691c   Data           1  os_dbg.o(.constdata)
    OSDbg_TimeDlyResumeEn                    0x0800691d   Data           1  os_dbg.o(.constdata)
    OSDbg_TLS_TblSize                        0x0800691e   Data           2  os_dbg.o(.constdata)
    OSDbg_Tmr                                0x08006920   Data          52  os_dbg.o(.constdata)
    OSDbg_TmrEn                              0x08006954   Data           1  os_dbg.o(.constdata)
    OSDbg_TmrDelEn                           0x08006955   Data           1  os_dbg.o(.constdata)
    OSDbg_TmrSize                            0x08006956   Data           2  os_dbg.o(.constdata)
    OSDbg_TmrSpokeSize                       0x08006958   Data           2  os_dbg.o(.constdata)
    OSDbg_VersionNbr                         0x0800695a   Data           2  os_dbg.o(.constdata)
    OSDbg_DataSize                           0x0800695c   Data           4  os_dbg.o(.constdata)
    Region$$Table$$Base                      0x08006960   Number         0  anon$$obj.o(Region$$Table)
    Region$$Table$$Limit                     0x08006980   Number         0  anon$$obj.o(Region$$Table)
    count                                    0x20000014   Data           2  app.o(.data)
    count1                                   0x20000018   Data           4  app.o(.data)
    count11                                  0x2000001c   Data           4  keys.o(.data)
    CPU_TS_TmrFreq_Hz                        0x20000028   Data           4  cpu_core.o(.data)
    CPU_IntDisMeasCtr                        0x2000002c   Data           2  cpu_core.o(.data)
    CPU_IntDisNestCtr                        0x2000002e   Data           2  cpu_core.o(.data)
    CPU_IntDisMeasStart_cnts                 0x20000030   Data           4  cpu_core.o(.data)
    CPU_IntDisMeasStop_cnts                  0x20000034   Data           4  cpu_core.o(.data)
    CPU_IntDisMeasOvrhd_cnts                 0x20000038   Data           4  cpu_core.o(.data)
    CPU_IntDisMeasMaxCur_cnts                0x2000003c   Data           4  cpu_core.o(.data)
    CPU_IntDisMeasMax_cnts                   0x20000040   Data           4  cpu_core.o(.data)
    Mem_PoolTbl                              0x20000044   Data           4  lib_mem.o(.data)
    OSPrioTbl                                0x20000048   Data           4  os_prio.o(.data)
    OS_AppTaskCreateHookPtr                  0x2000004c   Data           4  os_var.o(.data)
    OS_AppTaskDelHookPtr                     0x20000050   Data           4  os_var.o(.data)
    OS_AppTaskReturnHookPtr                  0x20000054   Data           4  os_var.o(.data)
    OS_AppIdleTaskHookPtr                    0x20000058   Data           4  os_var.o(.data)
    OS_AppStatTaskHookPtr                    0x2000005c   Data           4  os_var.o(.data)
    OS_AppTaskSwHookPtr                      0x20000060   Data           4  os_var.o(.data)
    OS_AppTimeTickHookPtr                    0x20000064   Data           4  os_var.o(.data)
    OSIdleTaskCtr                            0x20000068   Data           4  os_var.o(.data)
    OSIntNestingCtr                          0x2000006c   Data           1  os_var.o(.data)
    OSIntDisTimeMax                          0x20000070   Data           4  os_var.o(.data)
    OSRunning                                0x20000074   Data           1  os_var.o(.data)
    OSIntQInPtr                              0x20000078   Data           4  os_var.o(.data)
    OSIntQOutPtr                             0x2000007c   Data           4  os_var.o(.data)
    OSIntQNbrEntries                         0x20000080   Data           2  os_var.o(.data)
    OSIntQNbrEntriesMax                      0x20000082   Data           2  os_var.o(.data)
    OSIntQOvfCtr                             0x20000084   Data           2  os_var.o(.data)
    OSIntQTaskTimeMax                        0x20000088   Data           4  os_var.o(.data)
    OSFlagDbgListPtr                         0x2000008c   Data           4  os_var.o(.data)
    OSFlagQty                                0x20000090   Data           2  os_var.o(.data)
    OSMemDbgListPtr                          0x20000094   Data           4  os_var.o(.data)
    OSMemQty                                 0x20000098   Data           2  os_var.o(.data)
    OSMutexDbgListPtr                        0x2000009c   Data           4  os_var.o(.data)
    OSMutexQty                               0x200000a0   Data           2  os_var.o(.data)
    OSPrioCur                                0x200000a2   Data           1  os_var.o(.data)
    OSPrioHighRdy                            0x200000a3   Data           1  os_var.o(.data)
    OSPrioSaved                              0x200000a4   Data           1  os_var.o(.data)
    OSQDbgListPtr                            0x200000a8   Data           4  os_var.o(.data)
    OSQQty                                   0x200000ac   Data           2  os_var.o(.data)
    OSSchedLockTimeBegin                     0x200000b0   Data           4  os_var.o(.data)
    OSSchedLockTimeMax                       0x200000b4   Data           4  os_var.o(.data)
    OSSchedLockTimeMaxCur                    0x200000b8   Data           4  os_var.o(.data)
    OSSchedLockNestingCtr                    0x200000bc   Data           1  os_var.o(.data)
    OSSchedRoundRobinDfltTimeQuanta          0x200000c0   Data           4  os_var.o(.data)
    OSSchedRoundRobinEn                      0x200000c4   Data           1  os_var.o(.data)
    OSSemDbgListPtr                          0x200000c8   Data           4  os_var.o(.data)
    OSSemQty                                 0x200000cc   Data           2  os_var.o(.data)
    OSStatResetFlag                          0x200000ce   Data           1  os_var.o(.data)
    OSStatTaskCPUUsage                       0x200000d0   Data           2  os_var.o(.data)
    OSStatTaskCPUUsageMax                    0x200000d2   Data           2  os_var.o(.data)
    OSStatTaskCtr                            0x200000d4   Data           4  os_var.o(.data)
    OSStatTaskCtrMax                         0x200000d8   Data           4  os_var.o(.data)
    OSStatTaskCtrRun                         0x200000dc   Data           4  os_var.o(.data)
    OSStatTaskRdy                            0x200000e0   Data           1  os_var.o(.data)
    OSStatTaskTimeMax                        0x200000e4   Data           4  os_var.o(.data)
    OSTaskCtxSwCtr                           0x200000e8   Data           4  os_var.o(.data)
    OSTaskDbgListPtr                         0x200000ec   Data           4  os_var.o(.data)
    OSTaskQty                                0x200000f0   Data           2  os_var.o(.data)
    OSTaskRegNextAvailID                     0x200000f2   Data           1  os_var.o(.data)
    OSTickCtr                                0x200000f4   Data           4  os_var.o(.data)
    OSTickTaskTimeMax                        0x200000f8   Data           4  os_var.o(.data)
    OSTmrDbgListPtr                          0x200000fc   Data           4  os_var.o(.data)
    OSTmrQty                                 0x20000100   Data           2  os_var.o(.data)
    OSTmrTaskTimeMax                         0x20000104   Data           4  os_var.o(.data)
    OSTmrTickCtr                             0x20000108   Data           4  os_var.o(.data)
    OSTmrUpdateCnt                           0x2000010c   Data           4  os_var.o(.data)
    OSTmrUpdateCtr                           0x20000110   Data           4  os_var.o(.data)
    OSTCBCurPtr                              0x20000114   Data           4  os_var.o(.data)
    OSTCBHighRdyPtr                          0x20000118   Data           4  os_var.o(.data)
    OS_CPU_ExceptStkBase                     0x2000011c   Data           4  os_cpu_c.o(.data)
    INTERNAL_MEM                             0x20000120   Data          32  app.o(.bss)
    Internal_RamMemp                         0x20000140   Data        5000  app.o(.bss)
    EXTERNAL_MEM                             0x200014c8   Data          32  app.o(.bss)
    PowerManTaskTCB                          0x200017b0   Data         200  powermanage.o(.bss)
    PowerManTaskStk                          0x20001878   Data         512  powermanage.o(.bss)
    ALLADCCON                                0x20001a78   Data          40  powermanage.o(.bss)
    AD_Value                                 0x20001aa0   Data          32  powermanage.o(.bss)
    KeyDealTaskTCB                           0x20001ac0   Data         200  keys.o(.bss)
    KeyDealTaskStk                           0x20001b88   Data         512  keys.o(.bss)
    CPU_Name                                 0x20001da8   Data          16  cpu_core.o(.bss)
    Mem_PoolHeap                             0x20001db8   Data          72  lib_mem.o(.bss)
    Mem_Heap                                 0x20001e00   Data       27648  lib_mem.o(.bss)
    OSCfg_IdleTaskStk                        0x20008a00   Data         512  os_cfg_app.o(.bss)
    OSCfg_IntQ                               0x20008c00   Data         320  os_cfg_app.o(.bss)
    OSCfg_IntQTaskStk                        0x20008d40   Data         512  os_cfg_app.o(.bss)
    OSCfg_ISRStk                             0x20008f40   Data         512  os_cfg_app.o(.bss)
    OSCfg_MsgPool                            0x20009140   Data        1600  os_cfg_app.o(.bss)
    OSCfg_StatTaskStk                        0x20009780   Data         512  os_cfg_app.o(.bss)
    OSCfg_TickTaskStk                        0x20009980   Data         512  os_cfg_app.o(.bss)
    OSCfg_TickWheel                          0x20009b80   Data         136  os_cfg_app.o(.bss)
    OSCfg_TmrTaskStk                         0x20009c08   Data         512  os_cfg_app.o(.bss)
    OSCfg_TmrWheel                           0x20009e08   Data         136  os_cfg_app.o(.bss)
    OSIdleTaskTCB                            0x20009e90   Data         200  os_var.o(.bss)
    OSIntQTaskTCB                            0x20009f58   Data         200  os_var.o(.bss)
    OSMsgPool                                0x2000a020   Data          12  os_var.o(.bss)
    OSRdyList                                0x2000a02c   Data         384  os_var.o(.bss)
    OSStatTaskTCB                            0x2000a1ac   Data         200  os_var.o(.bss)
    OSTickTaskTCB                            0x2000a274   Data         200  os_var.o(.bss)
    OSTmrTaskTCB                             0x2000a33c   Data         200  os_var.o(.bss)
    __initial_sp                             0x2000a808   Data           0  startup_stm32f10x_xl.o(STACK)
    External_RamMemp                         0x68000000   Data       1024000  app.o(.ARM.__AT_0x68000000)



==============================================================================

Memory Map of the image

  Image Entry point : 0x08000131

  Load Region LR_IROM1 (Base: 0x08000000, Size: 0x00006aa0, Max: 0x00100000, ABSOLUTE)

    Execution Region ER_IROM1 (Base: 0x08000000, Size: 0x00006980, Max: 0x00100000, ABSOLUTE)

    Base Addr    Size         Type   Attr      Idx    E Section Name        Object

    0x08000000   0x00000130   Data   RO            3    RESET               startup_stm32f10x_xl.o
    0x08000130   0x00000000   Code   RO         5486  * .ARM.Collect$$$$00000000  mc_w.l(entry.o)
    0x08000130   0x00000004   Code   RO         5489    .ARM.Collect$$$$00000001  mc_w.l(entry2.o)
    0x08000134   0x00000004   Code   RO         5492    .ARM.Collect$$$$00000004  mc_w.l(entry5.o)
    0x08000138   0x00000000   Code   RO         5494    .ARM.Collect$$$$00000008  mc_w.l(entry7b.o)
    0x08000138   0x00000000   Code   RO         5496    .ARM.Collect$$$$0000000A  mc_w.l(entry8b.o)
    0x08000138   0x00000008   Code   RO         5497    .ARM.Collect$$$$0000000B  mc_w.l(entry9a.o)
    0x08000140   0x00000000   Code   RO         5499    .ARM.Collect$$$$0000000D  mc_w.l(entry10a.o)
    0x08000140   0x00000000   Code   RO         5501    .ARM.Collect$$$$0000000F  mc_w.l(entry11a.o)
    0x08000140   0x00000004   Code   RO         5490    .ARM.Collect$$$$00002712  mc_w.l(entry2.o)
    0x08000144   0x00000024   Code   RO            4    .text               startup_stm32f10x_xl.o
    0x08000168   0x00000034   Code   RO         3806    .text               cpu_a.o
    0x0800019c   0x00000024   Code   RO         5503    .text               mc_w.l(init.o)
    0x080001c0   0x00000084   Code   RO         5405    CODE                os_cpu_a.o
    0x08000244   0x00000016   Code   RO          183    i.ADC_Cmd           stm32f10x_adc.o
    0x0800025a   0x00000016   Code   RO          184    i.ADC_DMACmd        stm32f10x_adc.o
    0x08000270   0x0000005c   Code   RO          185    i.ADC_DeInit        stm32f10x_adc.o
    0x080002cc   0x00000014   Code   RO          191    i.ADC_GetCalibrationStatus  stm32f10x_adc.o
    0x080002e0   0x00000014   Code   RO          197    i.ADC_GetResetCalibrationStatus  stm32f10x_adc.o
    0x080002f4   0x00000050   Code   RO          201    i.ADC_Init          stm32f10x_adc.o
    0x08000344   0x000000b8   Code   RO          205    i.ADC_RegularChannelConfig  stm32f10x_adc.o
    0x080003fc   0x0000000a   Code   RO          206    i.ADC_ResetCalibration  stm32f10x_adc.o
    0x08000406   0x00000016   Code   RO          208    i.ADC_SoftwareStartConvCmd  stm32f10x_adc.o
    0x0800041c   0x0000000a   Code   RO          210    i.ADC_StartCalibration  stm32f10x_adc.o
    0x08000426   0x00000002   PAD
    0x08000428   0x000000d0   Code   RO         3504    i.AllAdcInit        powermanage.o
    0x080004f8   0x00000114   Code   RO         3313    i.AppTaskStart      app.o
    0x0800060c   0x00000010   Code   RO         3445    i.BSP_CPU_ClkFreq   bsp.o
    0x0800061c   0x00000010   Code   RO         3446    i.BSP_Init          bsp.o
    0x0800062c   0x00000004   Code   RO         3144    i.BusFault_Handler  stm32f10x_it.o
    0x08000630   0x00000010   Code   RO         3642    i.CPU_Init          cpu_core.o
    0x08000640   0x00000084   Code   RO         3643    i.CPU_IntDisMeasInit  cpu_core.o
    0x080006c4   0x0000001c   Code   RO         3644    i.CPU_IntDisMeasMaxCalc  cpu_core.o
    0x080006e0   0x0000002c   Code   RO         3645    i.CPU_IntDisMeasMaxCurGet  cpu_core.o
    0x0800070c   0x0000002c   Code   RO         3646    i.CPU_IntDisMeasMaxCurReset  cpu_core.o
    0x08000738   0x0000002c   Code   RO         3647    i.CPU_IntDisMeasMaxGet  cpu_core.o
    0x08000764   0x00000034   Code   RO         3648    i.CPU_IntDisMeasStart  cpu_core.o
    0x08000798   0x00000054   Code   RO         3649    i.CPU_IntDisMeasStop  cpu_core.o
    0x080007ec   0x00000038   Code   RO         3650    i.CPU_NameClr       cpu_core.o
    0x08000824   0x00000008   Code   RO         3652    i.CPU_NameInit      cpu_core.o
    0x0800082c   0x00000014   Code   RO         3656    i.CPU_TS_Init       cpu_core.o
    0x08000840   0x0000000c   Code   RO         3658    i.CPU_TS_TmrFreqSet  cpu_core.o
    0x0800084c   0x00000034   Code   RO         3447    i.CPU_TS_TmrInit    bsp.o
    0x08000880   0x0000000c   Code   RO         3448    i.CPU_TS_TmrRd      bsp.o
    0x0800088c   0x0000002c   Code   RO         3505    i.DMA1_Channel1_IRQHandler  powermanage.o
    0x080008b8   0x0000001c   Code   RO          867    i.DMA_ClearITPendingBit  stm32f10x_dma.o
    0x080008d4   0x00000018   Code   RO          868    i.DMA_Cmd           stm32f10x_dma.o
    0x080008ec   0x0000007c   Code   RO         3506    i.DMA_Configuration  powermanage.o
    0x08000968   0x0000014c   Code   RO          869    i.DMA_DeInit        stm32f10x_dma.o
    0x08000ab4   0x0000002c   Code   RO          872    i.DMA_GetITStatus   stm32f10x_dma.o
    0x08000ae0   0x00000012   Code   RO          873    i.DMA_ITConfig      stm32f10x_dma.o
    0x08000af2   0x0000003c   Code   RO          874    i.DMA_Init          stm32f10x_dma.o
    0x08000b2e   0x00000002   Code   RO         3145    i.DebugMon_Handler  stm32f10x_it.o
    0x08000b30   0x00000008   Code   RO         3146    i.EXTI0_IRQHandler  stm32f10x_it.o
    0x08000b38   0x00000008   Code   RO         3147    i.EXTI1_IRQHandler  stm32f10x_it.o
    0x08000b40   0x00000008   Code   RO         3148    i.EXTI3_IRQHandler  stm32f10x_it.o
    0x08000b48   0x00000008   Code   RO         3149    i.EXTI9_5_IRQHandler  stm32f10x_it.o
    0x08000b50   0x0000000c   Code   RO          939    i.EXTI_ClearITPendingBit  stm32f10x_exti.o
    0x08000b5c   0x00000028   Code   RO          943    i.EXTI_GetITStatus  stm32f10x_exti.o
    0x08000b84   0x00000094   Code   RO          944    i.EXTI_Init         stm32f10x_exti.o
    0x08000c18   0x00000034   Code   RO         1213    i.FSMC_NORSRAMCmd   stm32f10x_fsmc.o
    0x08000c4c   0x000000e6   Code   RO         1215    i.FSMC_NORSRAMInit  stm32f10x_fsmc.o
    0x08000d32   0x00000002   PAD
    0x08000d34   0x00000040   Code   RO         1325    i.GPIO_EXTILineConfig  stm32f10x_gpio.o
    0x08000d74   0x00000116   Code   RO         1328    i.GPIO_Init         stm32f10x_gpio.o
    0x08000e8a   0x00000012   Code   RO         1334    i.GPIO_ReadOutputDataBit  stm32f10x_gpio.o
    0x08000e9c   0x00000004   Code   RO         1335    i.GPIO_ResetBits    stm32f10x_gpio.o
    0x08000ea0   0x00000004   Code   RO         1336    i.GPIO_SetBits      stm32f10x_gpio.o
    0x08000ea4   0x00000004   Code   RO         3150    i.HardFault_Handler  stm32f10x_it.o
    0x08000ea8   0x00000034   Code   RO         3550    i.KEY2_IRQ_DEAL     keys.o
    0x08000edc   0x00000034   Code   RO         3551    i.KEY3_IRQ_DEAL     keys.o
    0x08000f10   0x00000034   Code   RO         3552    i.KEY4_IRQ_DEAL     keys.o
    0x08000f44   0x00000034   Code   RO         3553    i.KEY5_IRQ_DEAL     keys.o
    0x08000f78   0x00000194   Code   RO         3554    i.KeyDeal           keys.o
    0x0800110c   0x00000026   Code   RO         3555    i.KeyDealTask       keys.o
    0x08001132   0x00000002   PAD
    0x08001134   0x000001c8   Code   RO         3556    i.Keys_GPIO_Config  keys.o
    0x080012fc   0x00000008   Code   RO         3557    i.Keys_Init         keys.o
    0x08001304   0x0000002c   Code   RO         3487    i.LED_GPIO_Config   bsp_led.o
    0x08001330   0x00000014   Code   RO         3488    i.LED_Init          bsp_led.o
    0x08001344   0x00000004   Code   RO         3151    i.MemManage_Handler  stm32f10x_it.o
    0x08001348   0x00000012   Code   RO         3998    i.Mem_Clr           lib_mem.o
    0x0800135a   0x00000002   PAD
    0x0800135c   0x00000048   Code   RO         4002    i.Mem_Init          lib_mem.o
    0x080013a4   0x00000062   Code   RO         4015    i.Mem_Set           lib_mem.o
    0x08001406   0x00000002   Code   RO         3152    i.NMI_Handler       stm32f10x_it.o
    0x08001408   0x00000070   Code   RO          137    i.NVIC_Init         misc.o
    0x08001478   0x00000014   Code   RO          138    i.NVIC_PriorityGroupConfig  misc.o
    0x0800148c   0x00000002   Code   RO         4272    i.OSCfg_Init        os_cfg_app.o
    0x0800148e   0x00000002   PAD
    0x08001490   0x00000014   Code   RO         5408    i.OSIdleTaskHook    os_cpu_c.o
    0x080014a4   0x0000018c   Code   RO         4295    i.OSInit            os_core.o
    0x08001630   0x00000038   Code   RO         5409    i.OSInitHook        os_cpu_c.o
    0x08001668   0x0000002c   Code   RO         4296    i.OSIntEnter        os_core.o
    0x08001694   0x000000e4   Code   RO         4297    i.OSIntExit         os_core.o
    0x08001778   0x00000158   Code   RO         4670    i.OSMemCreate       os_mem.o
    0x080018d0   0x00000070   Code   RO         4671    i.OSMemGet          os_mem.o
    0x08001940   0x000000a8   Code   RO         4298    i.OSSched           os_core.o
    0x080019e8   0x0000007c   Code   RO         4299    i.OSSchedLock       os_core.o
    0x08001a64   0x000000a0   Code   RO         4302    i.OSSchedUnlock     os_core.o
    0x08001b04   0x000000e4   Code   RO         4941    i.OSSemCreate       os_sem.o
    0x08001be8   0x0000021c   Code   RO         4943    i.OSSemPend         os_sem.o
    0x08001e04   0x00000098   Code   RO         4945    i.OSSemPost         os_sem.o
    0x08001e9c   0x00000068   Code   RO         4303    i.OSStart           os_core.o
    0x08001f04   0x00000168   Code   RO         5013    i.OSStatReset       os_stat.o
    0x0800206c   0x00000100   Code   RO         5014    i.OSStatTaskCPUUsageInit  os_stat.o
    0x0800216c   0x00000014   Code   RO         5410    i.OSStatTaskHook    os_cpu_c.o
    0x08002180   0x00000294   Code   RO         5044    i.OSTaskCreate      os_task.o
    0x08002414   0x00000018   Code   RO         5411    i.OSTaskCreateHook  os_cpu_c.o
    0x0800242c   0x00000208   Code   RO         5045    i.OSTaskDel         os_task.o
    0x08002634   0x00000018   Code   RO         5412    i.OSTaskDelHook     os_cpu_c.o
    0x0800264c   0x00000248   Code   RO         5047    i.OSTaskQPend       os_task.o
    0x08002894   0x0000007c   Code   RO         5049    i.OSTaskQPost       os_task.o
    0x08002910   0x00000088   Code   RO         5053    i.OSTaskResume      os_task.o
    0x08002998   0x00000018   Code   RO         5413    i.OSTaskReturnHook  os_cpu_c.o
    0x080029b0   0x00000250   Code   RO         5054    i.OSTaskSemPend     os_task.o
    0x08002c00   0x000000e4   Code   RO         5058    i.OSTaskStkChk      os_task.o
    0x08002ce4   0x000000c0   Code   RO         5414    i.OSTaskStkInit     os_cpu_c.o
    0x08002da4   0x00000060   Code   RO         5059    i.OSTaskSuspend     os_task.o
    0x08002e04   0x000000a4   Code   RO         5415    i.OSTaskSwHook      os_cpu_c.o
    0x08002ea8   0x00000150   Code   RO         5259    i.OSTimeDly         os_time.o
    0x08002ff8   0x0000003c   Code   RO         5262    i.OSTimeGet         os_time.o
    0x08003034   0x00000044   Code   RO         5264    i.OSTimeTick        os_time.o
    0x08003078   0x00000014   Code   RO         5416    i.OSTimeTickHook    os_cpu_c.o
    0x0800308c   0x00000040   Code   RO         5417    i.OS_CPU_SysTickHandler  os_cpu_c.o
    0x080030cc   0x00000030   Code   RO         5418    i.OS_CPU_SysTickInit  os_cpu_c.o
    0x080030fc   0x000001b4   Code   RO         4541    i.OS_Dbg_Init       os_dbg.o
    0x080032b0   0x00000018   Code   RO         4566    i.OS_FlagInit       os_flag.o
    0x080032c8   0x0000027c   Code   RO         4567    i.OS_FlagPost       os_flag.o
    0x08003544   0x00000056   Code   RO         4568    i.OS_FlagTaskRdy    os_flag.o
    0x0800359a   0x00000002   PAD
    0x0800359c   0x0000004c   Code   RO         4305    i.OS_IdleTask       os_core.o
    0x080035e8   0x00000070   Code   RO         4306    i.OS_IdleTaskInit   os_core.o
    0x08003658   0x00000104   Code   RO         4640    i.OS_IntQPost       os_int.o
    0x0800375c   0x000001a4   Code   RO         4641    i.OS_IntQRePost     os_int.o
    0x08003900   0x000000c8   Code   RO         4642    i.OS_IntQTask       os_int.o
    0x080039c8   0x00000128   Code   RO         4643    i.OS_IntQTaskInit   os_int.o
    0x08003af0   0x00000028   Code   RO         4673    i.OS_MemDbgListAdd  os_mem.o
    0x08003b18   0x00000018   Code   RO         4674    i.OS_MemInit        os_mem.o
    0x08003b30   0x0000007c   Code   RO         4706    i.OS_MsgPoolInit    os_msg.o
    0x08003bac   0x00000044   Code   RO         4707    i.OS_MsgQFreeAll    os_msg.o
    0x08003bf0   0x00000068   Code   RO         4708    i.OS_MsgQGet        os_msg.o
    0x08003c58   0x0000000e   Code   RO         4709    i.OS_MsgQInit       os_msg.o
    0x08003c66   0x00000002   PAD
    0x08003c68   0x00000104   Code   RO         4710    i.OS_MsgQPut        os_msg.o
    0x08003d6c   0x00000018   Code   RO         4750    i.OS_MutexInit      os_mutex.o
    0x08003d84   0x00000068   Code   RO         4307    i.OS_Pend           os_core.o
    0x08003dec   0x00000026   Code   RO         4310    i.OS_PendDataInit   os_core.o
    0x08003e12   0x00000002   PAD
    0x08003e14   0x0000005c   Code   RO         4311    i.OS_PendDbgNameAdd  os_core.o
    0x08003e70   0x00000024   Code   RO         4312    i.OS_PendDbgNameRemove  os_core.o
    0x08003e94   0x0000000a   Code   RO         4314    i.OS_PendListInit   os_core.o
    0x08003e9e   0x00000066   Code   RO         4316    i.OS_PendListInsertPrio  os_core.o
    0x08003f04   0x00000030   Code   RO         4317    i.OS_PendListRemove  os_core.o
    0x08003f34   0x00000042   Code   RO         4318    i.OS_PendListRemove1  os_core.o
    0x08003f76   0x000000c0   Code   RO         4321    i.OS_Post           os_core.o
    0x08004036   0x0000002a   Code   RO         4322    i.OS_Post1          os_core.o
    0x08004060   0x00000028   Code   RO         4832    i.OS_PrioGetHighest  os_prio.o
    0x08004088   0x00000018   Code   RO         4833    i.OS_PrioInit       os_prio.o
    0x080040a0   0x00000024   Code   RO         4834    i.OS_PrioInsert     os_prio.o
    0x080040c4   0x00000024   Code   RO         4835    i.OS_PrioRemove     os_prio.o
    0x080040e8   0x00000018   Code   RO         4878    i.OS_QInit          os_q.o
    0x08004100   0x00000188   Code   RO         4879    i.OS_QPost          os_q.o
    0x08004288   0x00000024   Code   RO         4323    i.OS_RdyListInit    os_core.o
    0x080042ac   0x0000002c   Code   RO         4324    i.OS_RdyListInsert  os_core.o
    0x080042d8   0x00000040   Code   RO         4325    i.OS_RdyListInsertHead  os_core.o
    0x08004318   0x0000003c   Code   RO         4326    i.OS_RdyListInsertTail  os_core.o
    0x08004354   0x00000044   Code   RO         4327    i.OS_RdyListMoveHeadToTail  os_core.o
    0x08004398   0x0000005c   Code   RO         4328    i.OS_RdyListRemove  os_core.o
    0x080043f4   0x0000005c   Code   RO         4329    i.OS_Sched0         os_core.o
    0x08004450   0x0000001c   Code   RO         4330    i.OS_SchedLockTimeMeasStart  os_core.o
    0x0800446c   0x0000003c   Code   RO         4331    i.OS_SchedLockTimeMeasStop  os_core.o
    0x080044a8   0x000000ec   Code   RO         4332    i.OS_SchedRoundRobin  os_core.o
    0x08004594   0x00000030   Code   RO         4948    i.OS_SemDbgListAdd  os_sem.o
    0x080045c4   0x00000018   Code   RO         4950    i.OS_SemInit        os_sem.o
    0x080045dc   0x00000198   Code   RO         4951    i.OS_SemPost        os_sem.o
    0x08004774   0x000003b8   Code   RO         5015    i.OS_StatTask       os_stat.o
    0x08004b2c   0x000000cc   Code   RO         5016    i.OS_StatTaskInit   os_stat.o
    0x08004bf8   0x00000038   Code   RO         4333    i.OS_TaskBlock      os_core.o
    0x08004c30   0x00000030   Code   RO         5061    i.OS_TaskDbgListAdd  os_task.o
    0x08004c60   0x00000044   Code   RO         5062    i.OS_TaskDbgListRemove  os_task.o
    0x08004ca4   0x00000020   Code   RO         5063    i.OS_TaskInit       os_task.o
    0x08004cc4   0x000000d0   Code   RO         5064    i.OS_TaskInitTCB    os_task.o
    0x08004d94   0x0000026c   Code   RO         5065    i.OS_TaskQPost      os_task.o
    0x08005000   0x0000001c   Code   RO         4334    i.OS_TaskRdy        os_core.o
    0x0800501c   0x0000017c   Code   RO         5066    i.OS_TaskResume     os_task.o
    0x08005198   0x00000018   Code   RO         5067    i.OS_TaskReturn     os_task.o
    0x080051b0   0x000005a8   Code   RO         5068    i.OS_TaskSemPost    os_task.o
    0x08005758   0x00000190   Code   RO         5069    i.OS_TaskSuspend    os_task.o
    0x080058e8   0x00000028   Code   RO         5211    i.OS_TickListInit   os_tick.o
    0x08005910   0x000001bc   Code   RO         5212    i.OS_TickListInsert  os_tick.o
    0x08005acc   0x00000038   Code   RO         5213    i.OS_TickListRemove  os_tick.o
    0x08005b04   0x00000024   Code   RO         5214    i.OS_TickListResetPeak  os_tick.o
    0x08005b28   0x00000220   Code   RO         5215    i.OS_TickListUpdate  os_tick.o
    0x08005d48   0x0000002c   Code   RO         5216    i.OS_TickTask       os_tick.o
    0x08005d74   0x000000b8   Code   RO         5217    i.OS_TickTaskInit   os_tick.o
    0x08005e2c   0x00000128   Code   RO         5310    i.OS_TmrInit        os_tmr.o
    0x08005f54   0x000000d0   Code   RO         5311    i.OS_TmrLink        os_tmr.o
    0x08006024   0x00000024   Code   RO         5312    i.OS_TmrResetPeak   os_tmr.o
    0x08006048   0x000000c0   Code   RO         5313    i.OS_TmrTask        os_tmr.o
    0x08006108   0x00000050   Code   RO         5314    i.OS_TmrUnlink      os_tmr.o
    0x08006158   0x00000054   Code   RO         3507    i.PowerManTask      powermanage.o
    0x080061ac   0x00000028   Code   RO         3508    i.Powermanage_GPIO_Config  powermanage.o
    0x080061d4   0x0000004c   Code   RO         3509    i.Powermanage_Init  powermanage.o
    0x08006220   0x00000018   Code   RO         1742    i.RCC_ADCCLKConfig  stm32f10x_rcc.o
    0x08006238   0x00000020   Code   RO         1743    i.RCC_AHBPeriphClockCmd  stm32f10x_rcc.o
    0x08006258   0x00000020   Code   RO         1746    i.RCC_APB2PeriphClockCmd  stm32f10x_rcc.o
    0x08006278   0x00000020   Code   RO         1747    i.RCC_APB2PeriphResetCmd  stm32f10x_rcc.o
    0x08006298   0x000000d4   Code   RO         1754    i.RCC_GetClocksFreq  stm32f10x_rcc.o
    0x0800636c   0x00000100   Code   RO         3610    i.SRAM_Init         exram.o
    0x0800646c   0x00000002   Code   RO         3154    i.SVC_Handler       stm32f10x_it.o
    0x0800646e   0x00000008   Code   RO           24    i.SetSysClock       system_stm32f10x.o
    0x08006476   0x00000002   PAD
    0x08006478   0x000000e0   Code   RO           25    i.SetSysClockTo72   system_stm32f10x.o
    0x08006558   0x00000060   Code   RO           27    i.SystemInit        system_stm32f10x.o
    0x080065b8   0x00000004   Code   RO         3156    i.UsageFault_Handler  stm32f10x_it.o
    0x080065bc   0x0000000e   Code   RO         5507    i.__scatterload_copy  mc_w.l(handlers.o)
    0x080065ca   0x00000002   Code   RO         5508    i.__scatterload_null  mc_w.l(handlers.o)
    0x080065cc   0x0000000e   Code   RO         5509    i.__scatterload_zeroinit  mc_w.l(handlers.o)
    0x080065da   0x00000002   PAD
    0x080065dc   0x00000174   Code   RO         3314    i.main              app.o
    0x08006750   0x000000a4   Data   RO         4274    .constdata          os_cfg_app.o
    0x080067f4   0x0000016c   Data   RO         4542    .constdata          os_dbg.o
    0x08006960   0x00000020   Data   RO         5505    Region$$Table       anon$$obj.o


    Execution Region RW_IRAM1 (Base: 0x20000000, Size: 0x0000a808, Max: 0x00018000, ABSOLUTE)

    Base Addr    Size         Type   Attr      Idx    E Section Name        Object

    0x20000000   0x00000014   Data   RW         1774    .data               stm32f10x_rcc.o
    0x20000014   0x00000008   Data   RW         3317    .data               app.o
    0x2000001c   0x0000000c   Data   RW         3559    .data               keys.o
    0x20000028   0x0000001c   Data   RW         3662    .data               cpu_core.o
    0x20000044   0x00000004   Data   RW         4017    .data               lib_mem.o
    0x20000048   0x00000004   Data   RW         4836    .data               os_prio.o
    0x2000004c   0x000000d0   Data   RW         5392    .data               os_var.o
    0x2000011c   0x00000004   Data   RW         5419    .data               os_cpu_c.o
    0x20000120   0x00001690   Zero   RW         3316    .bss                app.o
    0x200017b0   0x00000310   Zero   RW         3510    .bss                powermanage.o
    0x20001ac0   0x000002e8   Zero   RW         3558    .bss                keys.o
    0x20001da8   0x00000010   Zero   RW         3660    .bss                cpu_core.o
    0x20001db8   0x00006c48   Zero   RW         4016    .bss                lib_mem.o
    0x20008a00   0x00001490   Zero   RW         4273    .bss                os_cfg_app.o
    0x20009e90   0x00000574   Zero   RW         5391    .bss                os_var.o
    0x2000a404   0x00000004   PAD
    0x2000a408   0x00000400   Zero   RW            1    STACK               startup_stm32f10x_xl.o



  Load Region LR$$.ARM.__AT_0x68000000 (Base: 0x68000000, Size: 0x00000000, Max: 0x000fa000, ABSOLUTE)

    Execution Region ER$$.ARM.__AT_0x68000000 (Base: 0x68000000, Size: 0x000fa000, Max: 0x000fa000, ABSOLUTE, UNINIT)

    Base Addr    Size         Type   Attr      Idx    E Section Name        Object

    0x68000000   0x000fa000   Zero   RW         3315    .ARM.__AT_0x68000000  app.o


==============================================================================

Image component sizes


      Code (inc. data)   RO Data    RW Data    ZI Data      Debug   Object Name

       648        158          0          8    1029776      31449   app.o
        96         14          0          0          0       1917   bsp.o
        64         10          0          0          0        931   bsp_led.o
         0          0          0          0          0       4508   core_cm3.o
        52          0          0          0          0        344   cpu_a.o
       540         98          0         28         16      16329   cpu_core.o
       256         16          0          0          0        700   exram.o
      1114         72          0         12        744       5328   keys.o
       188         18          0          4      27720      13551   lib_mem.o
       132         22          0          0          0       1551   misc.o
         2          0        164          0       5264      20930   os_cfg_app.o
      3006        412          0          0          0      20215   os_core.o
       132         32          0          0          0        388   os_cpu_a.o
       656         68          0          4          0       8093   os_cpu_c.o
       436        286        364          0          0       4789   os_dbg.o
       746         28          0          0          0       3073   os_flag.o
      1176        204          0          0          0       3462   os_int.o
       520         34          0          0          0       3425   os_mem.o
       570         32          0          0          0       4066   os_msg.o
        24         10          0          0          0        863   os_mutex.o
       136         16          0          4          0       2782   os_prio.o
       416         20          0          0          0       2190   os_q.o
      1400         66          0          0          0       5695   os_sem.o
      1772        214          0          0          0       4027   os_stat.o
      6168        282          0          0          0      15792   os_task.o
      1348        124          0          0          0       5413   os_tick.o
       464         34          0          0          0       2349   os_time.o
       812        134          0          0          0       4108   os_tmr.o
         0          0          0        208       1396      19477   os_var.o
       576         70          0          0        784       4262   powermanage.o
        36          8        304          0       1024        880   startup_stm32f10x_xl.o
       482         24          0          0          0       8018   stm32f10x_adc.o
       506         26          0          0          0       5179   stm32f10x_dma.o
       200         18          0          0          0       2128   stm32f10x_exti.o
       282          6          0          0          0       1829   stm32f10x_fsmc.o
       368          4          0          0          0       4303   stm32f10x_gpio.o
        54          0          0          0          0      45548   stm32f10x_it.o
       332         44          0         20          0       5585   stm32f10x_rcc.o
       328         28          0          0          0     253629   system_stm32f10x.o

    ----------------------------------------------------------------------
     26056       2632        864        288    1066728     539106   Object Totals
         0          0         32          0          0          0   (incl. Generated)
        18          0          0          0          4          0   (incl. Padding)

    ----------------------------------------------------------------------

      Code (inc. data)   RO Data    RW Data    ZI Data      Debug   Library Member Name

         0          0          0          0          0          0   entry.o
         0          0          0          0          0          0   entry10a.o
         0          0          0          0          0          0   entry11a.o
         8          4          0          0          0          0   entry2.o
         4          0          0          0          0          0   entry5.o
         0          0          0          0          0          0   entry7b.o
         0          0          0          0          0          0   entry8b.o
         8          4          0          0          0          0   entry9a.o
        30          0          0          0          0          0   handlers.o
        36          8          0          0          0         68   init.o

    ----------------------------------------------------------------------
        88         16          0          0          0         68   Library Totals
         2          0          0          0          0          0   (incl. Padding)

    ----------------------------------------------------------------------

      Code (inc. data)   RO Data    RW Data    ZI Data      Debug   Library Name

        86         16          0          0          0         68   mc_w.l

    ----------------------------------------------------------------------
        88         16          0          0          0         68   Library Totals

    ----------------------------------------------------------------------

==============================================================================


      Code (inc. data)   RO Data    RW Data    ZI Data      Debug   

     26144       2648        864        288    1066728     529498   Grand Totals
     26144       2648        864        288    1066728     529498   ELF Image Totals
     26144       2648        864        288          0          0   ROM Totals

==============================================================================

    Total RO  Size (Code + RO Data)                27008 (  26.38kB)
    Total RW  Size (RW Data + ZI Data)           1067016 (1042.01kB)
    Total ROM Size (Code + RO Data + RW Data)      27296 (  26.66kB)

==============================================================================

