<html>
<body>
<pre>
<h1>µVision Build Log</h1>
<h2>Tool Versions:</h2>
IDE-Version: ¶ÃVision V5.23.0.0
Copyright (C) 2017 ARM Ltd and ARM Germany GmbH. All rights reserved.
License Information: sun Microsoft, Microsoft, LIC=NHY12-95BPT-32TL5-G7RZU-S94MX-0PGUU
 
Tool Versions:
Toolchain:       MDK-ARM Professional  Version: 5.23
Toolchain Path:  D:\Keil_v5\ARM\ARMCC\Bin
C Compiler:      Armcc.exe V5.06 update 4 (build 422)
Assembler:       Armasm.exe V5.06 update 4 (build 422)
Linker/Locator:  ArmLink.exe V5.06 update 4 (build 422)
Library Manager: ArmAr.exe V5.06 update 4 (build 422)
Hex Converter:   FromElf.exe V5.06 update 4 (build 422)
CPU DLL:         SARMCM3.DLL V5.23
Dialog DLL:      DCM.DLL V1.15.0.0
Target DLL:      Segger\JL2CM3.dll V2.99.23.0
Dialog DLL:      TCM.DLL V1.27.0.0
 
<h2>Project:</h2>
F:\ucos book\fire\sourcecode\TransplantUCOS-IIItoSTM32\SingleTask\Project\RVMDK£®uv5£©\ISO-STM32.uvprojx
Project File Date:  07/15/2015

<h2>Output:</h2>
*** Using Compiler 'V5.06 update 4 (build 422)', folder: 'D:\Keil_v5\ARM\ARMCC\Bin'
Build target 'µ•»ŒŒÒ«–ªª LED'
compiling app.c...
linking...
Program Size: Code=19616 RO-data=864 RW-data=268 ZI-data=36132  
".\Objects\ISO-STM32.axf" - 0 Error(s), 0 Warning(s).

<h2>Collection of Component include folders:</h2>
  .\RTE\____________LED
  D:\Keil_v5\ARM\PACK\Keil\STM32F1xx_DFP\2.2.0\Device\Include

<h2>Collection of Component Files used:</h2>
Build Time Elapsed:  00:00:01
</pre>
</body>
</html>
